Archive member included to satisfy reference by file (symbol)

C:/ST/STM32CubeIDE_2.0.0/STM32CubeIDE/plugins/com.st.stm32cube.ide.mcu.externaltools.gnu-tools-for-stm32.13.3.rel1.win32_1.0.100.202509120712/tools/bin/../lib/gcc/arm-none-eabi/13.3.1/../../../../arm-none-eabi/lib/thumb/v7e-m+fp/hard\libc_nano.a(libc_a-exit.o)
                              C:/ST/STM32CubeIDE_2.0.0/STM32CubeIDE/plugins/com.st.stm32cube.ide.mcu.externaltools.gnu-tools-for-stm32.13.3.rel1.win32_1.0.100.202509120712/tools/bin/../lib/gcc/arm-none-eabi/13.3.1/../../../../arm-none-eabi/lib/thumb/v7e-m+fp/hard/crt0.o (exit)
C:/ST/STM32CubeIDE_2.0.0/STM32CubeIDE/plugins/com.st.stm32cube.ide.mcu.externaltools.gnu-tools-for-stm32.13.3.rel1.win32_1.0.100.202509120712/tools/bin/../lib/gcc/arm-none-eabi/13.3.1/../../../../arm-none-eabi/lib/thumb/v7e-m+fp/hard\libc_nano.a(libc_a-findfp.o)
                              C:/ST/STM32CubeIDE_2.0.0/STM32CubeIDE/plugins/com.st.stm32cube.ide.mcu.externaltools.gnu-tools-for-stm32.13.3.rel1.win32_1.0.100.202509120712/tools/bin/../lib/gcc/arm-none-eabi/13.3.1/../../../../arm-none-eabi/lib/thumb/v7e-m+fp/hard\libc_nano.a(libc_a-exit.o) (__stdio_exit_handler)
C:/ST/STM32CubeIDE_2.0.0/STM32CubeIDE/plugins/com.st.stm32cube.ide.mcu.externaltools.gnu-tools-for-stm32.13.3.rel1.win32_1.0.100.202509120712/tools/bin/../lib/gcc/arm-none-eabi/13.3.1/../../../../arm-none-eabi/lib/thumb/v7e-m+fp/hard\libc_nano.a(libc_a-fwalk.o)
                              C:/ST/STM32CubeIDE_2.0.0/STM32CubeIDE/plugins/com.st.stm32cube.ide.mcu.externaltools.gnu-tools-for-stm32.13.3.rel1.win32_1.0.100.202509120712/tools/bin/../lib/gcc/arm-none-eabi/13.3.1/../../../../arm-none-eabi/lib/thumb/v7e-m+fp/hard\libc_nano.a(libc_a-findfp.o) (_fwalk_sglue)
C:/ST/STM32CubeIDE_2.0.0/STM32CubeIDE/plugins/com.st.stm32cube.ide.mcu.externaltools.gnu-tools-for-stm32.13.3.rel1.win32_1.0.100.202509120712/tools/bin/../lib/gcc/arm-none-eabi/13.3.1/../../../../arm-none-eabi/lib/thumb/v7e-m+fp/hard\libc_nano.a(libc_a-sprintf.o)
                              ./Core/Src/main.o (sprintf)
C:/ST/STM32CubeIDE_2.0.0/STM32CubeIDE/plugins/com.st.stm32cube.ide.mcu.externaltools.gnu-tools-for-stm32.13.3.rel1.win32_1.0.100.202509120712/tools/bin/../lib/gcc/arm-none-eabi/13.3.1/../../../../arm-none-eabi/lib/thumb/v7e-m+fp/hard\libc_nano.a(libc_a-stdio.o)
                              C:/ST/STM32CubeIDE_2.0.0/STM32CubeIDE/plugins/com.st.stm32cube.ide.mcu.externaltools.gnu-tools-for-stm32.13.3.rel1.win32_1.0.100.202509120712/tools/bin/../lib/gcc/arm-none-eabi/13.3.1/../../../../arm-none-eabi/lib/thumb/v7e-m+fp/hard\libc_nano.a(libc_a-findfp.o) (__sread)
C:/ST/STM32CubeIDE_2.0.0/STM32CubeIDE/plugins/com.st.stm32cube.ide.mcu.externaltools.gnu-tools-for-stm32.13.3.rel1.win32_1.0.100.202509120712/tools/bin/../lib/gcc/arm-none-eabi/13.3.1/../../../../arm-none-eabi/lib/thumb/v7e-m+fp/hard\libc_nano.a(libc_a-memset.o)
                              C:/ST/STM32CubeIDE_2.0.0/STM32CubeIDE/plugins/com.st.stm32cube.ide.mcu.externaltools.gnu-tools-for-stm32.13.3.rel1.win32_1.0.100.202509120712/tools/bin/../lib/gcc/arm-none-eabi/13.3.1/../../../../arm-none-eabi/lib/thumb/v7e-m+fp/hard/crt0.o (memset)
C:/ST/STM32CubeIDE_2.0.0/STM32CubeIDE/plugins/com.st.stm32cube.ide.mcu.externaltools.gnu-tools-for-stm32.13.3.rel1.win32_1.0.100.202509120712/tools/bin/../lib/gcc/arm-none-eabi/13.3.1/../../../../arm-none-eabi/lib/thumb/v7e-m+fp/hard\libc_nano.a(libc_a-closer.o)
                              C:/ST/STM32CubeIDE_2.0.0/STM32CubeIDE/plugins/com.st.stm32cube.ide.mcu.externaltools.gnu-tools-for-stm32.13.3.rel1.win32_1.0.100.202509120712/tools/bin/../lib/gcc/arm-none-eabi/13.3.1/../../../../arm-none-eabi/lib/thumb/v7e-m+fp/hard\libc_nano.a(libc_a-stdio.o) (_close_r)
C:/ST/STM32CubeIDE_2.0.0/STM32CubeIDE/plugins/com.st.stm32cube.ide.mcu.externaltools.gnu-tools-for-stm32.13.3.rel1.win32_1.0.100.202509120712/tools/bin/../lib/gcc/arm-none-eabi/13.3.1/../../../../arm-none-eabi/lib/thumb/v7e-m+fp/hard\libc_nano.a(libc_a-reent.o)
                              C:/ST/STM32CubeIDE_2.0.0/STM32CubeIDE/plugins/com.st.stm32cube.ide.mcu.externaltools.gnu-tools-for-stm32.13.3.rel1.win32_1.0.100.202509120712/tools/bin/../lib/gcc/arm-none-eabi/13.3.1/../../../../arm-none-eabi/lib/thumb/v7e-m+fp/hard\libc_nano.a(libc_a-closer.o) (errno)
C:/ST/STM32CubeIDE_2.0.0/STM32CubeIDE/plugins/com.st.stm32cube.ide.mcu.externaltools.gnu-tools-for-stm32.13.3.rel1.win32_1.0.100.202509120712/tools/bin/../lib/gcc/arm-none-eabi/13.3.1/../../../../arm-none-eabi/lib/thumb/v7e-m+fp/hard\libc_nano.a(libc_a-impure.o)
                              C:/ST/STM32CubeIDE_2.0.0/STM32CubeIDE/plugins/com.st.stm32cube.ide.mcu.externaltools.gnu-tools-for-stm32.13.3.rel1.win32_1.0.100.202509120712/tools/bin/../lib/gcc/arm-none-eabi/13.3.1/../../../../arm-none-eabi/lib/thumb/v7e-m+fp/hard\libc_nano.a(libc_a-sprintf.o) (_impure_ptr)
[...]
Memory Configuration

Name             Origin             Length             Attributes
RAM              0x20000000         0x00020000         xrw
FLASH            0x08000000         0x00080000         xr
*default*        0x00000000         0xffffffff

Linker script and memory map

LOAD C:/ST/STM32CubeIDE_2.0.0/STM32CubeIDE/plugins/com.st.stm32cube.ide.mcu.externaltools.gnu-tools-for-stm32.13.3.rel1.win32_1.0.100.202509120712/tools/bin/../lib/gcc/arm-none-eabi/13.3.1/thumb/v7e-m+fp/hard/crti.o
LOAD C:/ST/STM32CubeIDE_2.0.0/STM32CubeIDE/plugins/com.st.stm32cube.ide.mcu.externaltools.gnu-tools-for-stm32.13.3.rel1.win32_1.0.100.202509120712/tools/bin/../lib/gcc/arm-none-eabi/13.3.1/thumb/v7e-m+fp/hard/crtbegin.o
LOAD C:/ST/STM32CubeIDE_2.0.0/STM32CubeIDE/plugins/com.st.stm32cube.ide.mcu.externaltools.gnu-tools-for-stm32.13.3.rel1.win32_1.0.100.202509120712/tools/bin/../lib/gcc/arm-none-eabi/13.3.1/../../../../arm-none-eabi/lib/thumb/v7e-m+fp/hard/crt0.o
LOAD ./Core/Src/NaMiMenu_lib/NaMiMenu.o
LOAD ./Core/Src/NaMiMenu_lib/SSD1322_OLED_lib/SSD1322_API.o
LOAD ./Core/Src/NaMiMenu_lib/SSD1322_OLED_lib/SSD1322_GFX.o
LOAD ./Core/Src/NaMiMenu_lib/SSD1322_OLED_lib/SSD1322_HW_Driver.o
LOAD ./Core/Src/main.o
LOAD ./Core/Src/stm32g4xx_hal_msp.o
LOAD ./Core/Src/stm32g4xx_it.o
LOAD ./Core/Src/syscalls.o
LOAD ./Core/Src/sysmem.o
LOAD ./Core/Src/system_stm32g4xx.o
LOAD ./Core/Startup/startup_stm32g474ceux.o
LOAD ./Drivers/STM32G4xx_HAL_Driver/Src/stm32g4xx_hal.o
LOAD ./Drivers/STM32G4xx_HAL_Driver/Src/stm32g4xx_hal_cortex.o
LOAD ./Drivers/STM32G4xx_HAL_Driver/Src/stm32g4xx_hal_dma.o
LOAD ./Drivers/STM32G4xx_HAL_Driver/Src/stm32g4xx_hal_dma_ex.o
LOAD ./Drivers/STM32G4xx_HAL_Driver/Src/stm32g4xx_hal_exti.o
LOAD ./Drivers/STM32G4xx_HAL_Driver/Src/stm32g4xx_hal_flash.o
LOAD ./Drivers/STM32G4xx_HAL_Driver/Src/stm32g4xx_hal_flash_ex.o
LOAD ./Drivers/STM32G4xx_HAL_Driver/Src/stm32g4xx_hal_flash_ramfunc.o
LOAD ./Drivers/STM32G4xx_HAL_Driver/Src/stm32g4xx_hal_gpio.o
LOAD ./Drivers/STM32G4xx_HAL_Driver/Src/stm32g4xx_hal_i2c.o
LOAD ./Drivers/STM32G4xx_HAL_Driver/Src/stm32g4xx_hal_i2c_ex.o
LOAD ./Drivers/STM32G4xx_HAL_Driver/Src/stm32g4xx_hal_pwr.o
LOAD ./Drivers/STM32G4xx_HAL_Driver/Src/stm32g4xx_hal_pwr_ex.o
LOAD ./Drivers/STM32G4xx_HAL_Driver/Src/stm32g4xx_hal_rcc.o
LOAD ./Drivers/STM32G4xx_HAL_Driver/Src/stm32g4xx_hal_rcc_ex.o
LOAD ./Drivers/STM32G4xx_HAL_Driver/Src/stm32g4xx_hal_spi.o
LOAD ./Drivers/STM32G4xx_HAL_Driver/Src/stm32g4xx_hal_spi_ex.o
LOAD ./Drivers/STM32G4xx_HAL_Driver/Src/stm32g4xx_hal_tim.o
LOAD ./Drivers/STM32G4xx_HAL_Driver/Src/stm32g4xx_hal_tim_ex.o
START GROUP
LOAD C:/ST/STM32CubeIDE_2.0.0/STM32CubeIDE/plugins/com.st.stm32cube.ide.mcu.externaltools.gnu-tools-for-stm32.13.3.rel1.win32_1.0.100.202509120712/tools/bin/../lib/gcc/arm-none-eabi/13.3.1/../../../../arm-none-eabi/lib/thumb/v7e-m+fp/hard\libc_nano.a
LOAD C:/ST/STM32CubeIDE_2.0.0/STM32CubeIDE/plugins/com.st.stm32cube.ide.mcu.externaltools.gnu-tools-for-stm32.13.3.rel1.win32_1.0.100.202509120712/tools/bin/../lib/gcc/arm-none-eabi/13.3.1/../../../../arm-none-eabi/lib/thumb/v7e-m+fp/hard\libm.a
END GROUP
START GROUP
LOAD C:/ST/STM32CubeIDE_2.0.0/STM32CubeIDE/plugins/com.st.stm32cube.ide.mcu.externaltools.gnu-tools-for-stm32.13.3.rel1.win32_1.0.100.202509120712/tools/bin/../lib/gcc/arm-none-eabi/13.3.1/thumb/v7e-m+fp/hard\libgcc.a
LOAD C:/ST/STM32CubeIDE_2.0.0/STM32CubeIDE/plugins/com.st.stm32cube.ide.mcu.externaltools.gnu-tools-for-stm32.13.3.rel1.win32_1.0.100.202509120712/tools/bin/../lib/gcc/arm-none-eabi/13.3.1/../../../../arm-none-eabi/lib/thumb/v7e-m+fp/hard\libc_nano.a
END GROUP
START GROUP
LOAD C:/ST/STM32CubeIDE_2.0.0/STM32CubeIDE/plugins/com.st.stm32cube.ide.mcu.externaltools.gnu-tools-for-stm32.13.3.rel1.win32_1.0.100.202509120712/tools/bin/../lib/gcc/arm-none-eabi/13.3.1/thumb/v7e-m+fp/hard\libgcc.a
LOAD C:/ST/STM32CubeIDE_2.0.0/STM32CubeIDE/plugins/com.st.stm32cube.ide.mcu.externaltools.gnu-tools-for-stm32.13.3.rel1.win32_1.0.100.202509120712/tools/bin/../lib/gcc/arm-none-eabi/13.3.1/../../../../arm-none-eabi/lib/thumb/v7e-m+fp/hard\libc_nano.a
LOAD C:/ST/STM32CubeIDE_2.0.0/STM32CubeIDE/plugins/com.st.stm32cube.ide.mcu.externaltools.gnu-tools-for-stm32.13.3.rel1.win32_1.0.100.202509120712/tools/bin/../lib/gcc/arm-none-eabi/13.3.1/../../../../arm-none-eabi/lib/thumb/v7e-m+fp/hard\libnosys.a
END GROUP
START GROUP
LOAD C:/ST/STM32CubeIDE_2.0.0/STM32CubeIDE/plugins/com.st.stm32cube.ide.mcu.externaltools.gnu-tools-for-stm32.13.3.rel1.win32_1.0.100.202509120712/tools/bin/../lib/gcc/arm-none-eabi/13.3.1/thumb/v7e-m+fp/hard\libgcc.a
LOAD C:/ST/STM32CubeIDE_2.0.0/STM32CubeIDE/plugins/com.st.stm32cube.ide.mcu.externaltools.gnu-tools-for-stm32.13.3.rel1.win32_1.0.100.202509120712/tools/bin/../lib/gcc/arm-none-eabi/13.3.1/../../../../arm-none-eabi/lib/thumb/v7e-m+fp/hard\libc_nano.a
LOAD C:/ST/STM32CubeIDE_2.0.0/STM32CubeIDE/plugins/com.st.stm32cube.ide.mcu.externaltools.gnu-tools-for-stm32.13.3.rel1.win32_1.0.100.202509120712/tools/bin/../lib/gcc/arm-none-eabi/13.3.1/../../../../arm-none-eabi/lib/thumb/v7e-m+fp/hard\libnosys.a
END GROUP
LOAD C:/ST/STM32CubeIDE_2.0.0/STM32CubeIDE/plugins/com.st.stm32cube.ide.mcu.externaltools.gnu-tools-for-stm32.13.3.rel1.win32_1.0.100.202509120712/tools/bin/../lib/gcc/arm-none-eabi/13.3.1/thumb/v7e-m+fp/hard/crtend.o
LOAD C:/ST/STM32CubeIDE_2.0.0/STM32CubeIDE/plugins/com.st.stm32cube.ide.mcu.externaltools.gnu-tools-for-stm32.13.3.rel1.win32_1.0.100.202509120712/tools/bin/../lib/gcc/arm-none-eabi/13.3.1/thumb/v7e-m+fp/hard/crtn.o
                0x20020000                        _estack = (ORIGIN (RAM) + LENGTH (RAM))
                0x00000200                        _Min_Heap_Size = 0x200
                0x00000400                        _Min_Stack_Size = 0x400

.isr_vector     0x08000000      0x1d8
                0x08000000                        . = ALIGN (0x4)
 *(.isr_vector)
 .isr_vector    0x08000000      0x1d8 ./Core/Startup/startup_stm32g474ceux.o
                0x08000000                g_pfnVectors
                0x080001d8                        . = ALIGN (0x4)

.text           0x080001e0     0x7fcc
                0x080001e0                        . = ALIGN (0x4)
 *(.text)
 .text          0x080001e0       0x40 C:/ST/STM32CubeIDE_2.0.0/STM32CubeIDE/plugins/com.st.stm32cube.ide.mcu.externaltools.gnu-tools-for-stm32.13.3.rel1.win32_1.0.100.202509120712/tools/bin/../lib/gcc/arm-none-eabi/13.3.1/thumb/v7e-m+fp/hard/crtbegin.o
 .text          0x08000220       0xa0 C:/ST/STM32CubeIDE_2.0.0/STM32CubeIDE/plugins/com.st.stm32cube.ide.mcu.externaltools.gnu-tools-for-stm32.13.3.rel1.win32_1.0.100.202509120712/tools/bin/../lib/gcc/arm-none-eabi/13.3.1/../../../../arm-none-eabi/lib/thumb/v7e-m+fp/hard\libc_nano.a(libc_a-memchr.o)
                0x08000220                memchr
 .text          0x080002c0      0x378 C:/ST/STM32CubeIDE_2.0.0/STM32CubeIDE/plugins/com.st.stm32cube.ide.mcu.externaltools.gnu-tools-for-stm32.13.3.rel1.win32_1.0.100.202509120712/tools/bin/../lib/gcc/arm-none-eabi/13.3.1/thumb/v7e-m+fp/hard\libgcc.a(_arm_addsubdf3.o)
                0x080002c0                __aeabi_drsub
                0x080002c8                __aeabi_dsub
                0x080002c8                __subdf3
                0x080002cc                __aeabi_dadd
                0x080002cc                __adddf3
                0x08000544                __floatunsidf
                0x08000544                __aeabi_ui2d
                0x08000564                __floatsidf
                0x08000564                __aeabi_i2d
                0x08000588                __aeabi_f2d
                0x08000588                __extendsfdf2
                0x080005cc                __floatundidf
                0x080005cc                __aeabi_ul2d
                0x080005dc                __floatdidf
                0x080005dc                __aeabi_l2d
 .text          0x08000638      0x424 C:/ST/STM32CubeIDE_2.0.0/STM32CubeIDE/plugins/com.st.stm32cube.ide.mcu.externaltools.gnu-tools-for-stm32.13.3.rel1.win32_1.0.100.202509120712/tools/bin/../lib/gcc/arm-none-eabi/13.3.1/thumb/v7e-m+fp/hard\libgcc.a(_arm_muldivdf3.o)
                0x08000638                __aeabi_dmul
                0x08000638                __muldf3
                0x0800088c                __divdf3
                0x0800088c                __aeabi_ddiv
 .text          0x08000a5c      0x110 C:/ST/STM32CubeIDE_2.0.0/STM32CubeIDE/plugins/com.st.stm32cube.ide.mcu.externaltools.gnu-tools-for-stm32.13.3.rel1.win32_1.0.100.202509120712/tools/bin/../lib/gcc/arm-none-eabi/13.3.1/thumb/v7e-m+fp/hard\libgcc.a(_arm_cmpdf2.o)
                0x08000a5c                __gtdf2
                0x08000a5c                __gedf2
                0x08000a64                __ltdf2
                0x08000a64                __ledf2
                0x08000a6c                __nedf2
                0x08000a6c                __eqdf2
                0x08000a6c                __cmpdf2
                0x08000ae8                __aeabi_cdrcmple
                0x08000af8                __aeabi_cdcmpeq
                0x08000af8                __aeabi_cdcmple
                0x08000b08                __aeabi_dcmpeq
                0x08000b1c                __aeabi_dcmplt
                0x08000b30                __aeabi_dcmple
                0x08000b44                __aeabi_dcmpge
                0x08000b58                __aeabi_dcmpgt
 .text          0x08000b6c       0x50 C:/ST/STM32CubeIDE_2.0.0/STM32CubeIDE/plugins/com.st.stm32cube.ide.mcu.externaltools.gnu-tools-for-stm32.13.3.rel1.win32_1.0.100.202509120712/tools/bin/../lib/gcc/arm-none-eabi/13.3.1/thumb/v7e-m+fp/hard\libgcc.a(_arm_fixdfsi.o)
                0x08000b6c                __aeabi_d2iz
                0x08000b6c                __fixdfsi
 .text          0x08000bbc       0x40 C:/ST/STM32CubeIDE_2.0.0/STM32CubeIDE/plugins/com.st.stm32cube.ide.mcu.externaltools.gnu-tools-for-stm32.13.3.rel1.win32_1.0.100.202509120712/tools/bin/../lib/gcc/arm-none-eabi/13.3.1/thumb/v7e-m+fp/hard\libgcc.a(_arm_fixunsdfsi.o)
                0x08000bbc                __aeabi_d2uiz
                0x08000bbc                __fixunsdfsi
 *(.text*)
 .text.NAL_NaMiMenu_OLED_HW_setup
                0x08000bfc       0x5c ./Core/Src/NaMiMenu_lib/NaMiMenu.o
                0x08000bfc                NAL_NaMiMenu_OLED_HW_setup
 .text.NAL_NaMiMenu_Encoder_setup
                0x08000c58       0x50 ./Core/Src/NaMiMenu_lib/NaMiMenu.o
                0x08000c58                NAL_NaMiMenu_Encoder_setup
 .text.NAL_NaMiMenu_OLED_Update
                0x08000ca8      0x130 ./Core/Src/NaMiMenu_lib/NaMiMenu.o
                0x08000ca8                NAL_NaMiMenu_OLED_Update
 .text.NAL_NaMiMenu_Encoder_Update
                0x08000dd8       0xe4 ./Core/Src/NaMiMenu_lib/NaMiMenu.o
                0x08000dd8                NAL_NaMiMenu_Encoder_Update
 .text.NAL_NaMiMenu_Cursor_up
                0x08000ebc       0x88 ./Core/Src/NaMiMenu_lib/NaMiMenu.o
                0x08000ebc                NAL_NaMiMenu_Cursor_up
 .text.NAL_NaMiMenu_Cursor_down
                0x08000f44       0x9c ./Core/Src/NaMiMenu_lib/NaMiMenu.o
                0x08000f44                NAL_NaMiMenu_Cursor_down
 .text.NAL_NaMiMenu_SetCursorPos
                0x08000fe0       0x74 ./Core/Src/NaMiMenu_lib/NaMiMenu.o
                0x08000fe0                NAL_NaMiMenu_SetCursorPos
 .text.NAL_NaMiMenu_Encoder_Pressed
                0x08001054       0x64 ./Core/Src/NaMiMenu_lib/NaMiMenu.o
                0x08001054                NAL_NaMiMenu_Encoder_Pressed
 .text.NAL_NaMiMenu_init
                0x080010b8       0x58 ./Core/Src/NaMiMenu_lib/NaMiMenu.o
                0x080010b8                NAL_NaMiMenu_init
 .text.NAL_NaMiMenu_setMenuStates
                0x08001110       0x2c ./Core/Src/NaMiMenu_lib/NaMiMenu.o
                0x08001110                NAL_NaMiMenu_setMenuStates
 .text.NAL_NaMiMenu_splash_screen
                0x0800113c       0x70 ./Core/Src/NaMiMenu_lib/NaMiMenu.o
                0x0800113c                NAL_NaMiMenu_splash_screen
 .text.Transision
                0x080011ac       0x74 ./Core/Src/NaMiMenu_lib/NaMiMenu.o
                0x080011ac                Transision
 .text.NAL_NaMiMenu_CursorDir
                0x08001220       0x18 ./Core/Src/NaMiMenu_lib/NaMiMenu.o
                0x08001220                NAL_NaMiMenu_CursorDir
 .text.NAL_NaMiMenu_CursorPos
                0x08001238       0x18 ./Core/Src/NaMiMenu_lib/NaMiMenu.o
                0x08001238                NAL_NaMiMenu_CursorPos
 .text.NAL_NaMiMenu_Cursor_freeze
                0x08001250       0x24 ./Core/Src/NaMiMenu_lib/NaMiMenu.o
                0x08001250                NAL_NaMiMenu_Cursor_freeze
 .text.NAL_NaMiMenu_Cursor_unfreeze
                0x08001274       0x24 ./Core/Src/NaMiMenu_lib/NaMiMenu.o
                0x08001274                NAL_NaMiMenu_Cursor_unfreeze
 .text.NAL_NaMiMenu_Cursor_toggle_freeze
                0x08001298       0x20 ./Core/Src/NaMiMenu_lib/NaMiMenu.o
                0x08001298                NAL_NaMiMenu_Cursor_toggle_freeze
 .text.NAL_NaMiMenu_clear_buffer
                0x080012b8       0x14 ./Core/Src/NaMiMenu_lib/NaMiMenu.o
                0x080012b8                NAL_NaMiMenu_clear_buffer
 .text.NAL_NaMiMenu_send_buffer_to_OLED
                0x080012cc       0x18 ./Core/Src/NaMiMenu_lib/NaMiMenu.o
                0x080012cc                NAL_NaMiMenu_send_buffer_to_OLED
 .text.NAL_NaMiMenu_draw_line
                0x080012e4       0x40 ./Core/Src/NaMiMenu_lib/NaMiMenu.o
                0x080012e4                NAL_NaMiMenu_draw_line
 .text.NAL_NaMiMenu_draw_rect
                0x08001324       0x40 ./Core/Src/NaMiMenu_lib/NaMiMenu.o
                0x08001324                NAL_NaMiMenu_draw_rect
 .text.NAL_NaMiMenu_draw_circle
                0x08001364       0x3c ./Core/Src/NaMiMenu_lib/NaMiMenu.o
                0x08001364                NAL_NaMiMenu_draw_circle
 .text.NAL_NaMiMenu_draw_circle_filled
                0x080013a0       0x90 ./Core/Src/NaMiMenu_lib/NaMiMenu.o
                0x080013a0                NAL_NaMiMenu_draw_circle_filled
 .text.NAL_NaMiMenu_draw_text
                0x08001430       0x38 ./Core/Src/NaMiMenu_lib/NaMiMenu.o
                0x08001430                NAL_NaMiMenu_draw_text
 .text.NAL_draw_text_in_grid
                0x08001468       0x50 ./Core/Src/NaMiMenu_lib/NaMiMenu.o
                0x08001468                NAL_draw_text_in_grid
 .text.NAL_NaMiMenu_draw_up_arrow
                0x080014b8       0x70 ./Core/Src/NaMiMenu_lib/NaMiMenu.o
                0x080014b8                NAL_NaMiMenu_draw_up_arrow
 .text.NAL_NaMiMenu_draw_down_arrow
                0x08001528       0x70 ./Core/Src/NaMiMenu_lib/NaMiMenu.o
                0x08001528                NAL_NaMiMenu_draw_down_arrow
 .text.NAL_NaMiMenu_draw_right_arrow
                0x08001598       0x70 ./Core/Src/NaMiMenu_lib/NaMiMenu.o
                0x08001598                NAL_NaMiMenu_draw_right_arrow
 .text.NAL_NaMiMenu_draw_bitmap_4bpp
                0x08001608       0x3c ./Core/Src/NaMiMenu_lib/NaMiMenu.o
                0x08001608                NAL_NaMiMenu_draw_bitmap_4bpp
 .text.NAL_draw_indicator_in_grid
                0x08001644       0xa2 ./Core/Src/NaMiMenu_lib/NaMiMenu.o
                0x08001644                NAL_draw_indicator_in_grid
 .text.NAL_draw_chart_in_grid
                0x080016e6      0x44a ./Core/Src/NaMiMenu_lib/NaMiMenu.o
                0x080016e6                NAL_draw_chart_in_grid
 .text.NAL_NaMiMenu_OLEDUpdate_Callback
                0x08001b30       0x16 ./Core/Src/NaMiMenu_lib/NaMiMenu.o
                0x08001b30                NAL_NaMiMenu_OLEDUpdate_Callback
 .text.NAL_CursorMove_Callback
                0x08001b46       0x16 ./Core/Src/NaMiMenu_lib/NaMiMenu.o
                0x08001b46                NAL_CursorMove_Callback
 .text.SSD1322_API_command
                0x08001b5c       0x26 ./Core/Src/NaMiMenu_lib/SSD1322_OLED_lib/SSD1322_API.o
                0x08001b5c                SSD1322_API_command
 .text.SSD1322_API_data
                0x08001b82       0x26 ./Core/Src/NaMiMenu_lib/SSD1322_OLED_lib/SSD1322_API.o
                0x08001b82                SSD1322_API_data
 .text.SSD1322_API_init
                0x08001ba8      0x118 ./Core/Src/NaMiMenu_lib/SSD1322_OLED_lib/SSD1322_API.o
                0x08001ba8                SSD1322_API_init
 .text.SSD1322_API_set_window
                0x08001cc0       0x5a ./Core/Src/NaMiMenu_lib/SSD1322_OLED_lib/SSD1322_API.o
                0x08001cc0                SSD1322_API_set_window
 .text.SSD1322_API_send_buffer
                0x08001d1a       0x2c ./Core/Src/NaMiMenu_lib/SSD1322_OLED_lib/SSD1322_API.o
                0x08001d1a                SSD1322_API_send_buffer
 *fill*         0x08001d46        0x2 
 .text.set_buffer_size
                0x08001d48       0x30 ./Core/Src/NaMiMenu_lib/SSD1322_OLED_lib/SSD1322_GFX.o
                0x08001d48                set_buffer_size
 .text.fill_buffer
                0x08001d78       0x60 ./Core/Src/NaMiMenu_lib/SSD1322_OLED_lib/SSD1322_GFX.o
                0x08001d78                fill_buffer
 .text.draw_pixel
                0x08001dd8       0xfc ./Core/Src/NaMiMenu_lib/SSD1322_OLED_lib/SSD1322_GFX.o
                0x08001dd8                draw_pixel
 .text.draw_vline
                0x08001ed4       0x70 ./Core/Src/NaMiMenu_lib/SSD1322_OLED_lib/SSD1322_GFX.o
                0x08001ed4                draw_vline
 .text.draw_hline
                0x08001f44       0x70 ./Core/Src/NaMiMenu_lib/SSD1322_OLED_lib/SSD1322_GFX.o
                0x08001f44                draw_hline
 .text.draw_line
                0x08001fb4      0x154 ./Core/Src/NaMiMenu_lib/SSD1322_OLED_lib/SSD1322_GFX.o
                0x08001fb4                draw_line
 .text.draw_rect
                0x08002108       0x6a ./Core/Src/NaMiMenu_lib/SSD1322_OLED_lib/SSD1322_GFX.o
                0x08002108                draw_rect
 .text.draw_circle
                0x08002172      0x1bc ./Core/Src/NaMiMenu_lib/SSD1322_OLED_lib/SSD1322_GFX.o
                0x08002172                draw_circle
 .text.draw_bitmap_4bpp
                0x0800232e       0xa8 ./Core/Src/NaMiMenu_lib/SSD1322_OLED_lib/SSD1322_GFX.o
                0x0800232e                draw_bitmap_4bpp
 *fill*         0x080023d6        0x2 
 .text.select_font
                0x080023d8       0x20 ./Core/Src/NaMiMenu_lib/SSD1322_OLED_lib/SSD1322_GFX.o
                0x080023d8                select_font
 .text.draw_char
                0x080023f8      0x130 ./Core/Src/NaMiMenu_lib/SSD1322_OLED_lib/SSD1322_GFX.o
                0x080023f8                draw_char
 .text.draw_text
                0x08002528       0x68 ./Core/Src/NaMiMenu_lib/SSD1322_OLED_lib/SSD1322_GFX.o
                0x08002528                draw_text
 .text.send_buffer_to_OLED
                0x08002590       0x3c ./Core/Src/NaMiMenu_lib/SSD1322_OLED_lib/SSD1322_GFX.o
                0x08002590                send_buffer_to_OLED
 .text.SSD1322_HW_drive_CS_low
                0x080025cc       0x1c ./Core/Src/NaMiMenu_lib/SSD1322_OLED_lib/SSD1322_HW_Driver.o
                0x080025cc                SSD1322_HW_drive_CS_low
 .text.SSD1322_HW_drive_CS_high
                0x080025e8       0x1c ./Core/Src/NaMiMenu_lib/SSD1322_OLED_lib/SSD1322_HW_Driver.o
                0x080025e8                SSD1322_HW_drive_CS_high
 .text.SSD1322_HW_drive_DC_low
                0x08002604       0x1c ./Core/Src/NaMiMenu_lib/SSD1322_OLED_lib/SSD1322_HW_Driver.o
                0x08002604                SSD1322_HW_drive_DC_low
 .text.SSD1322_HW_drive_DC_high
                0x08002620       0x1c ./Core/Src/NaMiMenu_lib/SSD1322_OLED_lib/SSD1322_HW_Driver.o
                0x08002620                SSD1322_HW_drive_DC_high
 .text.SSD1322_HW_drive_RESET_low
                0x0800263c       0x1c ./Core/Src/NaMiMenu_lib/SSD1322_OLED_lib/SSD1322_HW_Driver.o
                0x0800263c                SSD1322_HW_drive_RESET_low
 .text.SSD1322_HW_drive_RESET_high
                0x08002658       0x1c ./Core/Src/NaMiMenu_lib/SSD1322_OLED_lib/SSD1322_HW_Driver.o
                0x08002658                SSD1322_HW_drive_RESET_high
 .text.SSD1322_HW_SPI_send_byte
                0x08002674       0x24 ./Core/Src/NaMiMenu_lib/SSD1322_OLED_lib/SSD1322_HW_Driver.o
                0x08002674                SSD1322_HW_SPI_send_byte
 .text.SSD1322_HW_SPI_send_array
                0x08002698       0x28 ./Core/Src/NaMiMenu_lib/SSD1322_OLED_lib/SSD1322_HW_Driver.o
                0x08002698                SSD1322_HW_SPI_send_array
 .text.SSD1322_HW_msDelay
                0x080026c0       0x16 ./Core/Src/NaMiMenu_lib/SSD1322_OLED_lib/SSD1322_HW_Driver.o
                0x080026c0                SSD1322_HW_msDelay
 .text.Tip_Enable
                0x080026d6       0x16 ./Core/Src/main.o
                0x080026d6                Tip_Enable
 .text.Tip_Disable
                0x080026ec       0x16 ./Core/Src/main.o
                0x080026ec                Tip_Disable
 *fill*         0x08002702        0x2 
 .text.Tip_5V   0x08002704       0x18 ./Core/Src/main.o
                0x08002704                Tip_5V
 .text.Tip_24V  0x0800271c       0x18 ./Core/Src/main.o
                0x0800271c                Tip_24V
 .text.Tip_Current
                0x08002734       0x24 ./Core/Src/main.o
                0x08002734                Tip_Current
 .text.SelectState
                0x08002758       0x44 ./Core/Src/main.o
                0x08002758                SelectState
 .text.settings_voltage_select
                0x0800279c       0x30 ./Core/Src/main.o
                0x0800279c                settings_voltage_select
 .text.Update_Debug
                0x080027cc        0xe ./Core/Src/main.o
                0x080027cc                Update_Debug
 *fill*         0x080027da        0x2 
 .text.Update_Menu
                0x080027dc      0x1b0 ./Core/Src/main.o
                0x080027dc                Update_Menu
 .text.Update_Settings
                0x0800298c       0xc8 ./Core/Src/main.o
                0x0800298c                Update_Settings
 .text.Update_Manual
                0x08002a54       0xfc ./Core/Src/main.o
                0x08002a54                Update_Manual
 .text.Motor2_Home
                0x08002b50       0x1c ./Core/Src/main.o
                0x08002b50                Motor2_Home
 .text.voltage_select
                0x08002b6c       0x20 ./Core/Src/main.o
                0x08002b6c                voltage_select
 .text.etching_enable
                0x08002b8c       0x1e ./Core/Src/main.o
                0x08002b8c                etching_enable
 *fill*         0x08002baa        0x2 
 .text.etching_start_stop
                0x08002bac       0x48 ./Core/Src/main.o
                0x08002bac                etching_start_stop
 .text.settings_toggle_cursor
                0x08002bf4       0x16 ./Core/Src/main.o
                0x08002bf4                settings_toggle_cursor
 *fill*         0x08002c0a        0x2 
 .text.NAL_FrozenCursorMove_Callback
                0x08002c0c      0x1b0 ./Core/Src/main.o
                0x08002c0c                NAL_FrozenCursorMove_Callback
 .text.MoveMotor
                0x08002dbc       0xc0 ./Core/Src/main.o
                0x08002dbc                MoveMotor
 .text.HAL_TIM_PeriodElapsedCallback
                0x08002e7c      0x100 ./Core/Src/main.o
                0x08002e7c                HAL_TIM_PeriodElapsedCallback
 .text.Motor2_MaxPos
                0x08002f7c       0x28 ./Core/Src/main.o
                0x08002f7c                Motor2_MaxPos
 *fill*         0x08002fa4        0x4 
 .text.Motor1_MaxPos
                0x08002fa8       0x7c ./Core/Src/main.o
                0x08002fa8                Motor1_MaxPos
 .text.HAL_GPIO_EXTI_Callback
                0x08003024       0x50 ./Core/Src/main.o
                0x08003024                HAL_GPIO_EXTI_Callback
 *fill*         0x08003074        0x4 
 .text.INA219_Init
                0x08003078       0xd4 ./Core/Src/main.o
                0x08003078                INA219_Init
 *fill*         0x0800314c        0x4 
 .text.INA219_ReadCurrent
                0x08003150       0xe4 ./Core/Src/main.o
                0x08003150                INA219_ReadCurrent
 *fill*         0x08003234        0x4 
 .text.main     0x08003238      0x5a8 ./Core/Src/main.o
                0x08003238                main
 .text.SystemClock_Config
                0x080037e0       0x80 ./Core/Src/main.o
                0x080037e0                SystemClock_Config
 .text.MX_I2C1_Init
                0x08003860       0x80 ./Core/Src/main.o
 .text.MX_SPI2_Init
                0x080038e0       0x7c ./Core/Src/main.o
 .text.MX_TIM2_Init
                0x0800395c       0xac ./Core/Src/main.o
 .text.MX_GPIO_Init
                0x08003a08      0x18c ./Core/Src/main.o
 .text.Error_Handler
                0x08003b94        0xc ./Core/Src/main.o
                0x08003b94                Error_Handler
 .text.HAL_MspInit
                0x08003ba0       0x48 ./Core/Src/stm32g4xx_hal_msp.o
                0x08003ba0                HAL_MspInit
 .text.HAL_I2C_MspInit
                0x08003be8       0xec ./Core/Src/stm32g4xx_hal_msp.o
                0x08003be8                HAL_I2C_MspInit
 .text.HAL_SPI_MspInit
                0x08003cd4       0x88 ./Core/Src/stm32g4xx_hal_msp.o
                0x08003cd4                HAL_SPI_MspInit
 .text.HAL_TIM_OC_MspInit
                0x08003d5c       0x48 ./Core/Src/stm32g4xx_hal_msp.o
                0x08003d5c                HAL_TIM_OC_MspInit
 .text.NMI_Handler
                0x08003da4        0x8 ./Core/Src/stm32g4xx_it.o
                0x08003da4                NMI_Handler
 .text.HardFault_Handler
                0x08003dac        0x8 ./Core/Src/stm32g4xx_it.o
                0x08003dac                HardFault_Handler
 .text.MemManage_Handler
                0x08003db4        0x8 ./Core/Src/stm32g4xx_it.o
                0x08003db4                MemManage_Handler
 .text.BusFault_Handler
                0x08003dbc        0x8 ./Core/Src/stm32g4xx_it.o
                0x08003dbc                BusFault_Handler
 .text.UsageFault_Handler
                0x08003dc4        0x8 ./Core/Src/stm32g4xx_it.o
                0x08003dc4                UsageFault_Handler
 .text.SVC_Handler
                0x08003dcc        0xe ./Core/Src/stm32g4xx_it.o
                0x08003dcc                SVC_Handler
 .text.DebugMon_Handler
                0x08003dda        0xe ./Core/Src/stm32g4xx_it.o
                0x08003dda                DebugMon_Handler
 .text.PendSV_Handler
                0x08003de8        0xe ./Core/Src/stm32g4xx_it.o
                0x08003de8                PendSV_Handler
 .text.SysTick_Handler
                0x08003df6        0xc ./Core/Src/stm32g4xx_it.o
                0x08003df6                SysTick_Handler
 .text.EXTI9_5_IRQHandler
                0x08003e02       0x16 ./Core/Src/stm32g4xx_it.o
                0x08003e02                EXTI9_5_IRQHandler
 .text.TIM2_IRQHandler
                0x08003e18       0x14 ./Core/Src/stm32g4xx_it.o
                0x08003e18                TIM2_IRQHandler
 .text._sbrk    0x08003e2c       0x6c ./Core/Src/sysmem.o
                0x08003e2c                _sbrk
 .text.SystemInit
                0x08003e98       0x24 ./Core/Src/system_stm32g4xx.o
                0x08003e98                SystemInit
 .text.Reset_Handler
                0x08003ebc       0x50 ./Core/Startup/startup_stm32g474ceux.o
                0x08003ebc                Reset_Handler
 .text.Default_Handler
                0x08003f0c        0x2 ./Core/Startup/startup_stm32g474ceux.o
                0x08003f0c                RTC_Alarm_IRQHandler
                0x08003f0c                EXTI2_IRQHandler
                0x08003f0c                TIM8_TRG_COM_IRQHandler
                0x08003f0c                TIM8_CC_IRQHandler
                0x08003f0c                HRTIM1_Master_IRQHandler
                0x08003f0c                SPI4_IRQHandler
                0x08003f0c                FDCAN3_IT0_IRQHandler
                0x08003f0c                TIM1_CC_IRQHandler
                0x08003f0c                HRTIM1_FLT_IRQHandler
                0x08003f0c                HRTIM1_TIMF_IRQHandler
                0x08003f0c                USB_HP_IRQHandler
                0x08003f0c                CORDIC_IRQHandler
                0x08003f0c                HRTIM1_TIMD_IRQHandler
                0x08003f0c                DMA2_Channel8_IRQHandler
                0x08003f0c                EXTI3_IRQHandler
                0x08003f0c                I2C3_ER_IRQHandler
                0x08003f0c                EXTI0_IRQHandler
                0x08003f0c                I2C2_EV_IRQHandler
                0x08003f0c                FPU_IRQHandler
                0x08003f0c                FDCAN1_IT1_IRQHandler
                0x08003f0c                TIM1_UP_TIM16_IRQHandler
                0x08003f0c                ADC1_2_IRQHandler
                0x08003f0c                HRTIM1_TIME_IRQHandler
                0x08003f0c                SPI1_IRQHandler
                0x08003f0c                TIM6_DAC_IRQHandler
                0x08003f0c                HRTIM1_TIMC_IRQHandler
                0x08003f0c                TIM8_UP_IRQHandler
                0x08003f0c                DMA2_Channel2_IRQHandler
                0x08003f0c                DMA1_Channel4_IRQHandler
                0x08003f0c                TIM20_TRG_COM_IRQHandler
                0x08003f0c                USART3_IRQHandler
                0x08003f0c                DMA1_Channel7_IRQHandler
                0x08003f0c                UART5_IRQHandler
                0x08003f0c                ADC3_IRQHandler
                0x08003f0c                TIM4_IRQHandler
                0x08003f0c                DMA2_Channel1_IRQHandler
                0x08003f0c                QUADSPI_IRQHandler
                0x08003f0c                I2C1_EV_IRQHandler
                0x08003f0c                DMA1_Channel6_IRQHandler
                0x08003f0c                UART4_IRQHandler
                0x08003f0c                DMA2_Channel4_IRQHandler
                0x08003f0c                TIM3_IRQHandler
                0x08003f0c                RCC_IRQHandler
                0x08003f0c                TIM20_UP_IRQHandler
                0x08003f0c                DMA1_Channel1_IRQHandler
                0x08003f0c                Default_Handler
                0x08003f0c                DMA2_Channel7_IRQHandler
                0x08003f0c                RTC_TAMP_LSECSS_IRQHandler
                0x08003f0c                FMAC_IRQHandler
                0x08003f0c                EXTI15_10_IRQHandler
                0x08003f0c                DMA1_Channel8_IRQHandler
                0x08003f0c                HRTIM1_TIMA_IRQHandler
                0x08003f0c                TIM7_DAC_IRQHandler
                0x08003f0c                FDCAN3_IT1_IRQHandler
                0x08003f0c                TIM5_IRQHandler
                0x08003f0c                UCPD1_IRQHandler
                0x08003f0c                I2C3_EV_IRQHandler
                0x08003f0c                RTC_WKUP_IRQHandler
                0x08003f0c                PVD_PVM_IRQHandler
                0x08003f0c                SPI2_IRQHandler
                0x08003f0c                ADC5_IRQHandler
                0x08003f0c                DMA2_Channel5_IRQHandler
                0x08003f0c                CRS_IRQHandler
                0x08003f0c                DMA1_Channel5_IRQHandler
                0x08003f0c                USB_LP_IRQHandler
                0x08003f0c                EXTI4_IRQHandler
                0x08003f0c                RNG_IRQHandler
                0x08003f0c                HRTIM1_TIMB_IRQHandler
                0x08003f0c                TIM1_TRG_COM_TIM17_IRQHandler
                0x08003f0c                FDCAN2_IT1_IRQHandler
                0x08003f0c                DMA1_Channel3_IRQHandler
                0x08003f0c                ADC4_IRQHandler
                0x08003f0c                WWDG_IRQHandler
                0x08003f0c                I2C4_EV_IRQHandler
                0x08003f0c                FDCAN2_IT0_IRQHandler
                0x08003f0c                LPUART1_IRQHandler
                0x08003f0c                DMA2_Channel6_IRQHandler
                0x08003f0c                FDCAN1_IT0_IRQHandler
                0x08003f0c                COMP7_IRQHandler
                0x08003f0c                COMP1_2_3_IRQHandler
                0x08003f0c                EXTI1_IRQHandler
                0x08003f0c                USART2_IRQHandler
                0x08003f0c                COMP4_5_6_IRQHandler
                0x08003f0c                TIM20_BRK_IRQHandler
                0x08003f0c                I2C2_ER_IRQHandler
                0x08003f0c                DMA1_Channel2_IRQHandler
                0x08003f0c                TIM8_BRK_IRQHandler
                0x08003f0c                FLASH_IRQHandler
                0x08003f0c                TIM20_CC_IRQHandler
                0x08003f0c                USART1_IRQHandler
                0x08003f0c                SPI3_IRQHandler
                0x08003f0c                I2C1_ER_IRQHandler
                0x08003f0c                FMC_IRQHandler
                0x08003f0c                LPTIM1_IRQHandler
                0x08003f0c                DMAMUX_OVR_IRQHandler
                0x08003f0c                I2C4_ER_IRQHandler
                0x08003f0c                USBWakeUp_IRQHandler
                0x08003f0c                SAI1_IRQHandler
                0x08003f0c                DMA2_Channel3_IRQHandler
                0x08003f0c                TIM1_BRK_TIM15_IRQHandler
 .text.HAL_Init
                0x08003f0e       0x30 ./Drivers/STM32G4xx_HAL_Driver/Src/stm32g4xx_hal.o
                0x08003f0e                HAL_Init
 *fill*         0x08003f3e        0x2 
 .text.HAL_InitTick
                0x08003f40       0x74 ./Drivers/STM32G4xx_HAL_Driver/Src/stm32g4xx_hal.o
                0x08003f40                HAL_InitTick
 .text.HAL_IncTick
                0x08003fb4       0x24 ./Drivers/STM32G4xx_HAL_Driver/Src/stm32g4xx_hal.o
                0x08003fb4                HAL_IncTick
 .text.HAL_GetTick
                0x08003fd8       0x18 ./Drivers/STM32G4xx_HAL_Driver/Src/stm32g4xx_hal.o
                0x08003fd8                HAL_GetTick
 .text.HAL_Delay
                0x08003ff0       0x44 ./Drivers/STM32G4xx_HAL_Driver/Src/stm32g4xx_hal.o
                0x08003ff0                HAL_Delay
 .text.__NVIC_SetPriorityGrouping
                0x08004034       0x48 ./Drivers/STM32G4xx_HAL_Driver/Src/stm32g4xx_hal_cortex.o
 .text.__NVIC_GetPriorityGrouping
                0x0800407c       0x1c ./Drivers/STM32G4xx_HAL_Driver/Src/stm32g4xx_hal_cortex.o
 .text.__NVIC_EnableIRQ
                0x08004098       0x3c ./Drivers/STM32G4xx_HAL_Driver/Src/stm32g4xx_hal_cortex.o
 .text.__NVIC_SetPriority
                0x080040d4       0x54 ./Drivers/STM32G4xx_HAL_Driver/Src/stm32g4xx_hal_cortex.o
 .text.NVIC_EncodePriority
                0x08004128       0x66 ./Drivers/STM32G4xx_HAL_Driver/Src/stm32g4xx_hal_cortex.o
 *fill*         0x0800418e        0x2 
 .text.SysTick_Config
                0x08004190       0x44 ./Drivers/STM32G4xx_HAL_Driver/Src/stm32g4xx_hal_cortex.o
 .text.HAL_NVIC_SetPriorityGrouping
                0x080041d4       0x16 ./Drivers/STM32G4xx_HAL_Driver/Src/stm32g4xx_hal_cortex.o
                0x080041d4                HAL_NVIC_SetPriorityGrouping
 .text.HAL_NVIC_SetPriority
                0x080041ea       0x34 ./Drivers/STM32G4xx_HAL_Driver/Src/stm32g4xx_hal_cortex.o
                0x080041ea                HAL_NVIC_SetPriority
 .text.HAL_NVIC_EnableIRQ
                0x0800421e       0x1c ./Drivers/STM32G4xx_HAL_Driver/Src/stm32g4xx_hal_cortex.o
                0x0800421e                HAL_NVIC_EnableIRQ
 .text.HAL_SYSTICK_Config
                0x0800423a       0x18 ./Drivers/STM32G4xx_HAL_Driver/Src/stm32g4xx_hal_cortex.o
                0x0800423a                HAL_SYSTICK_Config
 *fill*         0x08004252        0x2 
 .text.HAL_GPIO_Init
                0x08004254      0x304 ./Drivers/STM32G4xx_HAL_Driver/Src/stm32g4xx_hal_gpio.o
                0x08004254                HAL_GPIO_Init
 .text.HAL_GPIO_ReadPin
                0x08004558       0x30 ./Drivers/STM32G4xx_HAL_Driver/Src/stm32g4xx_hal_gpio.o
                0x08004558                HAL_GPIO_ReadPin
 .text.HAL_GPIO_WritePin
                0x08004588       0x30 ./Drivers/STM32G4xx_HAL_Driver/Src/stm32g4xx_hal_gpio.o
                0x08004588                HAL_GPIO_WritePin
 .text.HAL_GPIO_TogglePin
                0x080045b8       0x34 ./Drivers/STM32G4xx_HAL_Driver/Src/stm32g4xx_hal_gpio.o
                0x080045b8                HAL_GPIO_TogglePin
 .text.HAL_GPIO_EXTI_IRQHandler
                0x080045ec       0x30 ./Drivers/STM32G4xx_HAL_Driver/Src/stm32g4xx_hal_gpio.o
                0x080045ec                HAL_GPIO_EXTI_IRQHandler
 .text.HAL_I2C_Init
                0x0800461c      0x136 ./Drivers/STM32G4xx_HAL_Driver/Src/stm32g4xx_hal_i2c.o
                0x0800461c                HAL_I2C_Init
 *fill*         0x08004752        0x2 
 .text.HAL_I2C_Mem_Write
                0x08004754      0x228 ./Drivers/STM32G4xx_HAL_Driver/Src/stm32g4xx_hal_i2c.o
                0x08004754                HAL_I2C_Mem_Write
 .text.HAL_I2C_Mem_Read
                0x0800497c      0x234 ./Drivers/STM32G4xx_HAL_Driver/Src/stm32g4xx_hal_i2c.o
                0x0800497c                HAL_I2C_Mem_Read
 .text.I2C_RequestMemoryWrite
                0x08004bb0       0xa8 ./Drivers/STM32G4xx_HAL_Driver/Src/stm32g4xx_hal_i2c.o
 .text.I2C_RequestMemoryRead
                0x08004c58       0xa8 ./Drivers/STM32G4xx_HAL_Driver/Src/stm32g4xx_hal_i2c.o
 .text.I2C_Flush_TXDR
                0x08004d00       0x48 ./Drivers/STM32G4xx_HAL_Driver/Src/stm32g4xx_hal_i2c.o
 .text.I2C_WaitOnFlagUntilTimeout
                0x08004d48       0xb2 ./Drivers/STM32G4xx_HAL_Driver/Src/stm32g4xx_hal_i2c.o
 .text.I2C_WaitOnTXISFlagUntilTimeout
                0x08004dfa       0x8e ./Drivers/STM32G4xx_HAL_Driver/Src/stm32g4xx_hal_i2c.o
 .text.I2C_WaitOnSTOPFlagUntilTimeout
                0x08004e88       0x86 ./Drivers/STM32G4xx_HAL_Driver/Src/stm32g4xx_hal_i2c.o
 *fill*         0x08004f0e        0x2 
 .text.I2C_IsErrorOccurred
                0x08004f10      0x1c0 ./Drivers/STM32G4xx_HAL_Driver/Src/stm32g4xx_hal_i2c.o
 .text.I2C_TransferConfig
                0x080050d0       0x64 ./Drivers/STM32G4xx_HAL_Driver/Src/stm32g4xx_hal_i2c.o
 .text.HAL_I2CEx_ConfigAnalogFilter
                0x08005134       0x96 ./Drivers/STM32G4xx_HAL_Driver/Src/stm32g4xx_hal_i2c_ex.o
                0x08005134                HAL_I2CEx_ConfigAnalogFilter
 .text.HAL_I2CEx_ConfigDigitalFilter
                0x080051ca       0x98 ./Drivers/STM32G4xx_HAL_Driver/Src/stm32g4xx_hal_i2c_ex.o
                0x080051ca                HAL_I2CEx_ConfigDigitalFilter
 *fill*         0x08005262        0x2 
 .text.HAL_PWREx_ControlVoltageScaling
                0x08005264      0x148 ./Drivers/STM32G4xx_HAL_Driver/Src/stm32g4xx_hal_pwr_ex.o
                0x08005264                HAL_PWREx_ControlVoltageScaling
 .text.HAL_PWREx_DisableUCPDDeadBattery
                0x080053ac       0x20 ./Drivers/STM32G4xx_HAL_Driver/Src/stm32g4xx_hal_pwr_ex.o
                0x080053ac                HAL_PWREx_DisableUCPDDeadBattery
 .text.HAL_RCC_OscConfig
                0x080053cc      0x624 ./Drivers/STM32G4xx_HAL_Driver/Src/stm32g4xx_hal_rcc.o
                0x080053cc                HAL_RCC_OscConfig
 .text.HAL_RCC_ClockConfig
                0x080059f0      0x278 ./Drivers/STM32G4xx_HAL_Driver/Src/stm32g4xx_hal_rcc.o
                0x080059f0                HAL_RCC_ClockConfig
 .text.HAL_RCC_GetSysClockFreq
                0x08005c68       0xc4 ./Drivers/STM32G4xx_HAL_Driver/Src/stm32g4xx_hal_rcc.o
                0x08005c68                HAL_RCC_GetSysClockFreq
 .text.RCC_GetSysClockFreqFromPLLSource
                0x08005d2c       0x8c ./Drivers/STM32G4xx_HAL_Driver/Src/stm32g4xx_hal_rcc.o
 .text.HAL_RCCEx_PeriphCLKConfig
                0x08005db8      0x49c ./Drivers/STM32G4xx_HAL_Driver/Src/stm32g4xx_hal_rcc_ex.o
                0x08005db8                HAL_RCCEx_PeriphCLKConfig
 .text.HAL_SPI_Init
                0x08006254      0x156 ./Drivers/STM32G4xx_HAL_Driver/Src/stm32g4xx_hal_spi.o
                0x08006254                HAL_SPI_Init
 .text.HAL_SPI_Transmit
                0x080063aa      0x2ec ./Drivers/STM32G4xx_HAL_Driver/Src/stm32g4xx_hal_spi.o
                0x080063aa                HAL_SPI_Transmit
 *fill*         0x08006696        0x2 
 .text.SPI_WaitFlagStateUntilTimeout
                0x08006698      0x110 ./Drivers/STM32G4xx_HAL_Driver/Src/stm32g4xx_hal_spi.o
 .text.SPI_WaitFifoStateUntilTimeout
                0x080067a8      0x12c ./Drivers/STM32G4xx_HAL_Driver/Src/stm32g4xx_hal_spi.o
 .text.SPI_EndRxTxTransaction
                0x080068d4       0x8c ./Drivers/STM32G4xx_HAL_Driver/Src/stm32g4xx_hal_spi.o
 .text.HAL_TIM_Base_Start_IT
                0x08006960       0xf0 ./Drivers/STM32G4xx_HAL_Driver/Src/stm32g4xx_hal_tim.o
                0x08006960                HAL_TIM_Base_Start_IT
 .text.HAL_TIM_OC_Init
                0x08006a50       0xae ./Drivers/STM32G4xx_HAL_Driver/Src/stm32g4xx_hal_tim.o
                0x08006a50                HAL_TIM_OC_Init
 .text.HAL_TIM_IRQHandler
                0x08006afe      0x29e ./Drivers/STM32G4xx_HAL_Driver/Src/stm32g4xx_hal_tim.o
                0x08006afe                HAL_TIM_IRQHandler
 .text.HAL_TIM_OC_ConfigChannel
                0x08006d9c       0xf4 ./Drivers/STM32G4xx_HAL_Driver/Src/stm32g4xx_hal_tim.o
                0x08006d9c                HAL_TIM_OC_ConfigChannel
 .text.HAL_TIM_OC_DelayElapsedCallback
                0x08006e90       0x14 ./Drivers/STM32G4xx_HAL_Driver/Src/stm32g4xx_hal_tim.o
                0x08006e90                HAL_TIM_OC_DelayElapsedCallback
 .text.HAL_TIM_IC_CaptureCallback
                0x08006ea4       0x14 ./Drivers/STM32G4xx_HAL_Driver/Src/stm32g4xx_hal_tim.o
                0x08006ea4                HAL_TIM_IC_CaptureCallback
 .text.HAL_TIM_PWM_PulseFinishedCallback
                0x08006eb8       0x14 ./Drivers/STM32G4xx_HAL_Driver/Src/stm32g4xx_hal_tim.o
                0x08006eb8                HAL_TIM_PWM_PulseFinishedCallback
 .text.HAL_TIM_TriggerCallback
                0x08006ecc       0x14 ./Drivers/STM32G4xx_HAL_Driver/Src/stm32g4xx_hal_tim.o
                0x08006ecc                HAL_TIM_TriggerCallback
 .text.TIM_Base_SetConfig
                0x08006ee0      0x168 ./Drivers/STM32G4xx_HAL_Driver/Src/stm32g4xx_hal_tim.o
                0x08006ee0                TIM_Base_SetConfig
 .text.TIM_OC1_SetConfig
                0x08007048      0x134 ./Drivers/STM32G4xx_HAL_Driver/Src/stm32g4xx_hal_tim.o
 .text.TIM_OC2_SetConfig
                0x0800717c      0x128 ./Drivers/STM32G4xx_HAL_Driver/Src/stm32g4xx_hal_tim.o
                0x0800717c                TIM_OC2_SetConfig
 .text.TIM_OC3_SetConfig
                0x080072a4      0x124 ./Drivers/STM32G4xx_HAL_Driver/Src/stm32g4xx_hal_tim.o
 .text.TIM_OC4_SetConfig
                0x080073c8      0x128 ./Drivers/STM32G4xx_HAL_Driver/Src/stm32g4xx_hal_tim.o
 .text.TIM_OC5_SetConfig
                0x080074f0       0xd4 ./Drivers/STM32G4xx_HAL_Driver/Src/stm32g4xx_hal_tim.o
 .text.TIM_OC6_SetConfig
                0x080075c4       0xd8 ./Drivers/STM32G4xx_HAL_Driver/Src/stm32g4xx_hal_tim.o
 .text.HAL_TIMEx_MasterConfigSynchronization
                0x0800769c      0x12c ./Drivers/STM32G4xx_HAL_Driver/Src/stm32g4xx_hal_tim_ex.o
                0x0800769c                HAL_TIMEx_MasterConfigSynchronization
 .text.HAL_TIMEx_CommutCallback
                0x080077c8       0x14 ./Drivers/STM32G4xx_HAL_Driver/Src/stm32g4xx_hal_tim_ex.o
                0x080077c8                HAL_TIMEx_CommutCallback
 .text.HAL_TIMEx_BreakCallback
                0x080077dc       0x14 ./Drivers/STM32G4xx_HAL_Driver/Src/stm32g4xx_hal_tim_ex.o
                0x080077dc                HAL_TIMEx_BreakCallback
 .text.HAL_TIMEx_Break2Callback
                0x080077f0       0x14 ./Drivers/STM32G4xx_HAL_Driver/Src/stm32g4xx_hal_tim_ex.o
                0x080077f0                HAL_TIMEx_Break2Callback
 .text.HAL_TIMEx_EncoderIndexCallback
                0x08007804       0x14 ./Drivers/STM32G4xx_HAL_Driver/Src/stm32g4xx_hal_tim_ex.o
                0x08007804                HAL_TIMEx_EncoderIndexCallback
 .text.HAL_TIMEx_DirectionChangeCallback
                0x08007818       0x14 ./Drivers/STM32G4xx_HAL_Driver/Src/stm32g4xx_hal_tim_ex.o
                0x08007818                HAL_TIMEx_DirectionChangeCallback
 .text.HAL_TIMEx_IndexErrorCallback
                0x0800782c       0x14 ./Drivers/STM32G4xx_HAL_Driver/Src/stm32g4xx_hal_tim_ex.o
                0x0800782c                HAL_TIMEx_IndexErrorCallback
 .text.HAL_TIMEx_TransitionErrorCallback
                0x08007840       0x14 ./Drivers/STM32G4xx_HAL_Driver/Src/stm32g4xx_hal_tim_ex.o
                0x08007840                HAL_TIMEx_TransitionErrorCallback
 .text.sprintf  0x08007854       0x44 C:/ST/STM32CubeIDE_2.0.0/STM32CubeIDE/plugins/com.st.stm32cube.ide.mcu.externaltools.gnu-tools-for-stm32.13.3.rel1.win32_1.0.100.202509120712/tools/bin/../lib/gcc/arm-none-eabi/13.3.1/../../../../arm-none-eabi/lib/thumb/v7e-m+fp/hard\libc_nano.a(libc_a-sprintf.o)
                0x08007854                siprintf
                0x08007854                sprintf
 .text.memset   0x08007898       0x10 C:/ST/STM32CubeIDE_2.0.0/STM32CubeIDE/plugins/com.st.stm32cube.ide.mcu.externaltools.gnu-tools-for-stm32.13.3.rel1.win32_1.0.100.202509120712/tools/bin/../lib/gcc/arm-none-eabi/13.3.1/../../../../arm-none-eabi/lib/thumb/v7e-m+fp/hard\libc_nano.a(libc_a-memset.o)
                0x08007898                memset
 .text.__errno  0x080078a8        0xc C:/ST/STM32CubeIDE_2.0.0/STM32CubeIDE/plugins/com.st.stm32cube.ide.mcu.externaltools.gnu-tools-for-stm32.13.3.rel1.win32_1.0.100.202509120712/tools/bin/../lib/gcc/arm-none-eabi/13.3.1/../../../../arm-none-eabi/lib/thumb/v7e-m+fp/hard\libc_nano.a(libc_a-errno.o)
                0x080078a8                __errno
 .text.__libc_init_array
                0x080078b4       0x48 C:/ST/STM32CubeIDE_2.0.0/STM32CubeIDE/plugins/com.st.stm32cube.ide.mcu.externaltools.gnu-tools-for-stm32.13.3.rel1.win32_1.0.100.202509120712/tools/bin/../lib/gcc/arm-none-eabi/13.3.1/../../../../arm-none-eabi/lib/thumb/v7e-m+fp/hard\libc_nano.a(libc_a-init.o)
                0x080078b4                __libc_init_array
 .text.__retarget_lock_acquire_recursive
                0x080078fc        0x2 C:/ST/STM32CubeIDE_2.0.0/STM32CubeIDE/plugins/com.st.stm32cube.ide.mcu.externaltools.gnu-tools-for-stm32.13.3.rel1.win32_1.0.100.202509120712/tools/bin/../lib/gcc/arm-none-eabi/13.3.1/../../../../arm-none-eabi/lib/thumb/v7e-m+fp/hard\libc_nano.a(libc_a-lock.o)
                0x080078fc                __retarget_lock_acquire_recursive
 .text.__retarget_lock_release_recursive
                0x080078fe        0x2 C:/ST/STM32CubeIDE_2.0.0/STM32CubeIDE/plugins/com.st.stm32cube.ide.mcu.externaltools.gnu-tools-for-stm32.13.3.rel1.win32_1.0.100.202509120712/tools/bin/../lib/gcc/arm-none-eabi/13.3.1/../../../../arm-none-eabi/lib/thumb/v7e-m+fp/hard\libc_nano.a(libc_a-lock.o)
                0x080078fe                __retarget_lock_release_recursive
 .text._free_r  0x08007900       0x94 C:/ST/STM32CubeIDE_2.0.0/STM32CubeIDE/plugins/com.st.stm32cube.ide.mcu.externaltools.gnu-tools-for-stm32.13.3.rel1.win32_1.0.100.202509120712/tools/bin/../lib/gcc/arm-none-eabi/13.3.1/../../../../arm-none-eabi/lib/thumb/v7e-m+fp/hard\libc_nano.a(libc_a-freer.o)
                0x08007900                _free_r
 .text.sbrk_aligned
                0x08007994       0x44 C:/ST/STM32CubeIDE_2.0.0/STM32CubeIDE/plugins/com.st.stm32cube.ide.mcu.externaltools.gnu-tools-for-stm32.13.3.rel1.win32_1.0.100.202509120712/tools/bin/../lib/gcc/arm-none-eabi/13.3.1/../../../../arm-none-eabi/lib/thumb/v7e-m+fp/hard\libc_nano.a(libc_a-mallocr.o)
 .text._malloc_r
                0x080079d8      0x100 C:/ST/STM32CubeIDE_2.0.0/STM32CubeIDE/plugins/com.st.stm32cube.ide.mcu.externaltools.gnu-tools-for-stm32.13.3.rel1.win32_1.0.100.202509120712/tools/bin/../lib/gcc/arm-none-eabi/13.3.1/../../../../arm-none-eabi/lib/thumb/v7e-m+fp/hard\libc_nano.a(libc_a-mallocr.o)
                0x080079d8                _malloc_r
 .text.__malloc_lock
                0x08007ad8        0xc C:/ST/STM32CubeIDE_2.0.0/STM32CubeIDE/plugins/com.st.stm32cube.ide.mcu.externaltools.gnu-tools-for-stm32.13.3.rel1.win32_1.0.100.202509120712/tools/bin/../lib/gcc/arm-none-eabi/13.3.1/../../../../arm-none-eabi/lib/thumb/v7e-m+fp/hard\libc_nano.a(libc_a-mlock.o)
                0x08007ad8                __malloc_lock
 .text.__malloc_unlock
                0x08007ae4        0xc C:/ST/STM32CubeIDE_2.0.0/STM32CubeIDE/plugins/com.st.stm32cube.ide.mcu.externaltools.gnu-tools-for-stm32.13.3.rel1.win32_1.0.100.202509120712/tools/bin/../lib/gcc/arm-none-eabi/13.3.1/../../../../arm-none-eabi/lib/thumb/v7e-m+fp/hard\libc_nano.a(libc_a-mlock.o)
                0x08007ae4                __malloc_unlock
 .text.__ssputs_r
                0x08007af0       0xb6 C:/ST/STM32CubeIDE_2.0.0/STM32CubeIDE/plugins/com.st.stm32cube.ide.mcu.externaltools.gnu-tools-for-stm32.13.3.rel1.win32_1.0.100.202509120712/tools/bin/../lib/gcc/arm-none-eabi/13.3.1/../../../../arm-none-eabi/lib/thumb/v7e-m+fp/hard\libc_nano.a(libc_a-nano-svfprintf.o)
                0x08007af0                __ssputs_r
 *fill*         0x08007ba6        0x2 
 .text._svfprintf_r
                0x08007ba8      0x1f8 C:/ST/STM32CubeIDE_2.0.0/STM32CubeIDE/plugins/com.st.stm32cube.ide.mcu.externaltools.gnu-tools-for-stm32.13.3.rel1.win32_1.0.100.202509120712/tools/bin/../lib/gcc/arm-none-eabi/13.3.1/../../../../arm-none-eabi/lib/thumb/v7e-m+fp/hard\libc_nano.a(libc_a-nano-svfprintf.o)
                0x08007ba8                _svfiprintf_r
                0x08007ba8                _svfprintf_r
 .text._printf_common
                0x08007da0       0xda C:/ST/STM32CubeIDE_2.0.0/STM32CubeIDE/plugins/com.st.stm32cube.ide.mcu.externaltools.gnu-tools-for-stm32.13.3.rel1.win32_1.0.100.202509120712/tools/bin/../lib/gcc/arm-none-eabi/13.3.1/../../../../arm-none-eabi/lib/thumb/v7e-m+fp/hard\libc_nano.a(libc_a-nano-vfprintf_i.o)
                0x08007da0                _printf_common
 *fill*         0x08007e7a        0x2 
 .text._printf_i
                0x08007e7c      0x23c C:/ST/STM32CubeIDE_2.0.0/STM32CubeIDE/plugins/com.st.stm32cube.ide.mcu.externaltools.gnu-tools-for-stm32.13.3.rel1.win32_1.0.100.202509120712/tools/bin/../lib/gcc/arm-none-eabi/13.3.1/../../../../arm-none-eabi/lib/thumb/v7e-m+fp/hard\libc_nano.a(libc_a-nano-vfprintf_i.o)
                0x08007e7c                _printf_i
 .text.memmove  0x080080b8       0x34 C:/ST/STM32CubeIDE_2.0.0/STM32CubeIDE/plugins/com.st.stm32cube.ide.mcu.externaltools.gnu-tools-for-stm32.13.3.rel1.win32_1.0.100.202509120712/tools/bin/../lib/gcc/arm-none-eabi/13.3.1/../../../../arm-none-eabi/lib/thumb/v7e-m+fp/hard\libc_nano.a(libc_a-memmove.o)
                0x080080b8                memmove
 .text._sbrk_r  0x080080ec       0x20 C:/ST/STM32CubeIDE_2.0.0/STM32CubeIDE/plugins/com.st.stm32cube.ide.mcu.externaltools.gnu-tools-for-stm32.13.3.rel1.win32_1.0.100.202509120712/tools/bin/../lib/gcc/arm-none-eabi/13.3.1/../../../../arm-none-eabi/lib/thumb/v7e-m+fp/hard\libc_nano.a(libc_a-sbrkr.o)
                0x080080ec                _sbrk_r
 .text.memcpy   0x0800810c       0x1c C:/ST/STM32CubeIDE_2.0.0/STM32CubeIDE/plugins/com.st.stm32cube.ide.mcu.externaltools.gnu-tools-for-stm32.13.3.rel1.win32_1.0.100.202509120712/tools/bin/../lib/gcc/arm-none-eabi/13.3.1/../../../../arm-none-eabi/lib/thumb/v7e-m+fp/hard\libc_nano.a(libc_a-memcpy-stub.o)
                0x0800810c                memcpy
 .text._realloc_r
                0x08008128       0x5c C:/ST/STM32CubeIDE_2.0.0/STM32CubeIDE/plugins/com.st.stm32cube.ide.mcu.externaltools.gnu-tools-for-stm32.13.3.rel1.win32_1.0.100.202509120712/tools/bin/../lib/gcc/arm-none-eabi/13.3.1/../../../../arm-none-eabi/lib/thumb/v7e-m+fp/hard\libc_nano.a(libc_a-reallocr.o)
                0x08008128                _realloc_r
 .text._malloc_usable_size_r
                0x08008184       0x10 C:/ST/STM32CubeIDE_2.0.0/STM32CubeIDE/plugins/com.st.stm32cube.ide.mcu.externaltools.gnu-tools-for-stm32.13.3.rel1.win32_1.0.100.202509120712/tools/bin/../lib/gcc/arm-none-eabi/13.3.1/../../../../arm-none-eabi/lib/thumb/v7e-m+fp/hard\libc_nano.a(libc_a-msizer.o)
                0x08008184                _malloc_usable_size_r
 *(.glue_7)
 .glue_7        0x08008194        0x0 linker stubs
 *(.glue_7t)
 .glue_7t       0x08008194        0x0 linker stubs
 *(.eh_frame)
 .eh_frame      0x08008194        0x0 C:/ST/STM32CubeIDE_2.0.0/STM32CubeIDE/plugins/com.st.stm32cube.ide.mcu.externaltools.gnu-tools-for-stm32.13.3.rel1.win32_1.0.100.202509120712/tools/bin/../lib/gcc/arm-none-eabi/13.3.1/thumb/v7e-m+fp/hard/crtbegin.o
 *(.init)
 .init          0x08008194        0x4 C:/ST/STM32CubeIDE_2.0.0/STM32CubeIDE/plugins/com.st.stm32cube.ide.mcu.externaltools.gnu-tools-for-stm32.13.3.rel1.win32_1.0.100.202509120712/tools/bin/../lib/gcc/arm-none-eabi/13.3.1/thumb/v7e-m+fp/hard/crti.o
                0x08008194                _init
 .init          0x08008198        0x8 C:/ST/STM32CubeIDE_2.0.0/STM32CubeIDE/plugins/com.st.stm32cube.ide.mcu.externaltools.gnu-tools-for-stm32.13.3.rel1.win32_1.0.100.202509120712/tools/bin/../lib/gcc/arm-none-eabi/13.3.1/thumb/v7e-m+fp/hard/crtn.o
 *(.fini)
 .fini          0x080081a0        0x4 C:/ST/STM32CubeIDE_2.0.0/STM32CubeIDE/plugins/com.st.stm32cube.ide.mcu.externaltools.gnu-tools-for-stm32.13.3.rel1.win32_1.0.100.202509120712/tools/bin/../lib/gcc/arm-none-eabi/13.3.1/thumb/v7e-m+fp/hard/crti.o
                0x080081a0                _fini
 .fini          0x080081a4        0x8 C:/ST/STM32CubeIDE_2.0.0/STM32CubeIDE/plugins/com.st.stm32cube.ide.mcu.externaltools.gnu-tools-for-stm32.13.3.rel1.win32_1.0.100.202509120712/tools/bin/../lib/gcc/arm-none-eabi/13.3.1/thumb/v7e-m+fp/hard/crtn.o
                0x080081ac                        . = ALIGN (0x4)
                0x080081ac                        _etext = .

.vfp11_veneer   0x080081ac        0x0
 .vfp11_veneer  0x080081ac        0x0 linker stubs

.v4_bx          0x080081ac        0x0
 .v4_bx         0x080081ac        0x0 linker stubs

.iplt           0x080081ac        0x0
 .iplt          0x080081ac        0x0 C:/ST/STM32CubeIDE_2.0.0/STM32CubeIDE/plugins/com.st.stm32cube.ide.mcu.externaltools.gnu-tools-for-stm32.13.3.rel1.win32_1.0.100.202509120712/tools/bin/../lib/gcc/arm-none-eabi/13.3.1/thumb/v7e-m+fp/hard/crtbegin.o

.rodata         0x080081ac      0x768
                0x080081ac                        . = ALIGN (0x4)
 *(.rodata)
 .rodata        0x080081ac      0x16f ./Core/Src/main.o
 *(.rodata*)
 *fill*         0x0800831b        0x1 
 .rodata.FreeSans9pt7bBitmaps
                0x0800831c      0x2aa ./Core/Src/NaMiMenu_lib/NaMiMenu.o
                0x0800831c                FreeSans9pt7bBitmaps
 *fill*         0x080085c6        0x2 
 .rodata.FreeSans9pt7bGlyphs
                0x080085c8      0x2f8 ./Core/Src/NaMiMenu_lib/NaMiMenu.o
                0x080085c8                FreeSans9pt7bGlyphs
 .rodata.FreeSans9pt7b
                0x080088c0       0x10 ./Core/Src/NaMiMenu_lib/NaMiMenu.o
                0x080088c0                FreeSans9pt7b
 .rodata.AHBPrescTable
                0x080088d0       0x10 ./Core/Src/system_stm32g4xx.o
                0x080088d0                AHBPrescTable
 .rodata._svfprintf_r.str1.1
                0x080088e0       0x33 C:/ST/STM32CubeIDE_2.0.0/STM32CubeIDE/plugins/com.st.stm32cube.ide.mcu.externaltools.gnu-tools-for-stm32.13.3.rel1.win32_1.0.100.202509120712/tools/bin/../lib/gcc/arm-none-eabi/13.3.1/../../../../arm-none-eabi/lib/thumb/v7e-m+fp/hard\libc_nano.a(libc_a-nano-svfprintf.o)
                                 0x11 (size before relaxing)
 .rodata._printf_i.str1.1
                0x08008913        0x0 C:/ST/STM32CubeIDE_2.0.0/STM32CubeIDE/plugins/com.st.stm32cube.ide.mcu.externaltools.gnu-tools-for-stm32.13.3.rel1.win32_1.0.100.202509120712/tools/bin/../lib/gcc/arm-none-eabi/13.3.1/../../../../arm-none-eabi/lib/thumb/v7e-m+fp/hard\libc_nano.a(libc_a-nano-vfprintf_i.o)
                                 0x22 (size before relaxing)
                0x08008914                        . = ALIGN (0x4)
 *fill*         0x08008913        0x1 

.ARM.extab      0x08008914        0x0
                0x08008914                        . = ALIGN (0x4)
 *(.ARM.extab* .gnu.linkonce.armextab.*)
                0x08008914                        . = ALIGN (0x4)

.ARM            0x08008914        0x8
                0x08008914                        . = ALIGN (0x4)
                0x08008914                        __exidx_start = .
 *(.ARM.exidx*)
 .ARM.exidx     0x08008914        0x8 C:/ST/STM32CubeIDE_2.0.0/STM32CubeIDE/plugins/com.st.stm32cube.ide.mcu.externaltools.gnu-tools-for-stm32.13.3.rel1.win32_1.0.100.202509120712/tools/bin/../lib/gcc/arm-none-eabi/13.3.1/../../../../arm-none-eabi/lib/thumb/v7e-m+fp/hard\libc_nano.a(libc_a-memchr.o)
                0x0800891c                        __exidx_end = .
                0x0800891c                        . = ALIGN (0x4)

.preinit_array  0x0800891c        0x0
                0x0800891c                        . = ALIGN (0x4)
                0x0800891c                        PROVIDE (__preinit_array_start = .)
 *(.preinit_array*)
                0x0800891c                        PROVIDE (__preinit_array_end = .)
                0x0800891c                        . = ALIGN (0x4)

.init_array     0x0800891c        0x4
                0x0800891c                        . = ALIGN (0x4)
                0x0800891c                        PROVIDE (__init_array_start = .)
 *(SORT_BY_NAME(.init_array.*))
 *(.init_array*)
 .init_array    0x0800891c        0x4 C:/ST/STM32CubeIDE_2.0.0/STM32CubeIDE/plugins/com.st.stm32cube.ide.mcu.externaltools.gnu-tools-for-stm32.13.3.rel1.win32_1.0.100.202509120712/tools/bin/../lib/gcc/arm-none-eabi/13.3.1/thumb/v7e-m+fp/hard/crtbegin.o
                0x08008920                        PROVIDE (__init_array_end = .)
                0x08008920                        . = ALIGN (0x4)

.fini_array     0x08008920        0x4
                0x08008920                        . = ALIGN (0x4)
                [!provide]                        PROVIDE (__fini_array_start = .)
 *(SORT_BY_NAME(.fini_array.*))
 *(.fini_array*)
 .fini_array    0x08008920        0x4 C:/ST/STM32CubeIDE_2.0.0/STM32CubeIDE/plugins/com.st.stm32cube.ide.mcu.externaltools.gnu-tools-for-stm32.13.3.rel1.win32_1.0.100.202509120712/tools/bin/../lib/gcc/arm-none-eabi/13.3.1/thumb/v7e-m+fp/hard/crtbegin.o
                [!provide]                        PROVIDE (__fini_array_end = .)
                0x08008924                        . = ALIGN (0x4)
                0x08008924                        _sidata = LOADADDR (.data)

.rel.dyn        0x08008924        0x0
 .rel.iplt      0x08008924        0x0 C:/ST/STM32CubeIDE_2.0.0/STM32CubeIDE/plugins/com.st.stm32cube.ide.mcu.externaltools.gnu-tools-for-stm32.13.3.rel1.win32_1.0.100.202509120712/tools/bin/../lib/gcc/arm-none-eabi/13.3.1/thumb/v7e-m+fp/hard/crtbegin.o

.data           0x20000000      0xa40 load address 0x08008924
                0x20000000                        . = ALIGN (0x4)
                0x20000000                        _sdata = .
 *(.data)
 *(.data*)
 .data.NaMi_logo_4bpp_64x64
                0x20000000      0x800 ./Core/Src/NaMiMenu_lib/NaMiMenu.o
                0x20000000                NaMi_logo_4bpp_64x64
 .data.NaMiMenu_menuBrightness
                0x20000800        0x1 ./Core/Src/NaMiMenu_lib/NaMiMenu.o
                0x20000800                NaMiMenu_menuBrightness
 *fill*         0x20000801        0x1 
 .data._buffer_height
                0x20000802        0x2 ./Core/Src/NaMiMenu_lib/SSD1322_OLED_lib/SSD1322_GFX.o
                0x20000802                _buffer_height
 .data._buffer_width
                0x20000804        0x2 ./Core/Src/NaMiMenu_lib/SSD1322_OLED_lib/SSD1322_GFX.o
                0x20000804                _buffer_width
 .data.var_etchTime
                0x20000806        0x2 ./Core/Src/main.o
                0x20000806                var_etchTime
 .data.var_depth
                0x20000808        0x2 ./Core/Src/main.o
                0x20000808                var_depth
 .data.var_step
                0x2000080a        0x2 ./Core/Src/main.o
                0x2000080a                var_step
 .data.var_current
                0x2000080c        0x2 ./Core/Src/main.o
                0x2000080c                var_current
 *fill*         0x2000080e        0x2 
 .data.test_chart
                0x20000810       0x18 ./Core/Src/main.o
                0x20000810                test_chart
 .data.bar1     0x20000828        0x2 ./Core/Src/main.o
                0x20000828                bar1
 *fill*         0x2000082a        0x2 
 .data.Motor1   0x2000082c       0x18 ./Core/Src/main.o
                0x2000082c                Motor1
 .data.Motor2   0x20000844       0x18 ./Core/Src/main.o
                0x20000844                Motor2
 .data.etchingTime
                0x2000085c        0x2 ./Core/Src/main.o
                0x2000085c                etchingTime
 *fill*         0x2000085e        0x2 
 .data.minCurrentMiliAmp
                0x20000860        0x8 ./Core/Src/main.o
                0x20000860                minCurrentMiliAmp
 .data.menu_clickable
                0x20000868       0x48 ./Core/Src/main.o
                0x20000868                menu_clickable
 .data.debug_clickable
                0x200008b0       0x48 ./Core/Src/main.o
                0x200008b0                debug_clickable
 .data.manual_clickable
                0x200008f8       0x54 ./Core/Src/main.o
                0x200008f8                manual_clickable
 .data.settings_clickable
                0x2000094c       0x54 ./Core/Src/main.o
                0x2000094c                settings_clickable
 .data.states   0x200009a0       0x40 ./Core/Src/main.o
                0x200009a0                states
 .data.M1maxPos
                0x200009e0        0x4 ./Core/Src/main.o
                0x200009e0                M1maxPos
 .data.SystemCoreClock
                0x200009e4        0x4 ./Core/Src/system_stm32g4xx.o
                0x200009e4                SystemCoreClock
 .data.uwTickPrio
                0x200009e8        0x4 ./Drivers/STM32G4xx_HAL_Driver/Src/stm32g4xx_hal.o
                0x200009e8                uwTickPrio
 .data.uwTickFreq
                0x200009ec        0x4 ./Drivers/STM32G4xx_HAL_Driver/Src/stm32g4xx_hal.o
                0x200009ec                uwTickFreq
 .data._impure_ptr
                0x200009f0        0x4 C:/ST/STM32CubeIDE_2.0.0/STM32CubeIDE/plugins/com.st.stm32cube.ide.mcu.externaltools.gnu-tools-for-stm32.13.3.rel1.win32_1.0.100.202509120712/tools/bin/../lib/gcc/arm-none-eabi/13.3.1/../../../../arm-none-eabi/lib/thumb/v7e-m+fp/hard\libc_nano.a(libc_a-impure.o)
                0x200009f0                _impure_ptr
 .data._impure_data
                0x200009f4       0x4c C:/ST/STM32CubeIDE_2.0.0/STM32CubeIDE/plugins/com.st.stm32cube.ide.mcu.externaltools.gnu-tools-for-stm32.13.3.rel1.win32_1.0.100.202509120712/tools/bin/../lib/gcc/arm-none-eabi/13.3.1/../../../../arm-none-eabi/lib/thumb/v7e-m+fp/hard\libc_nano.a(libc_a-impure.o)
                0x200009f4                _impure_data
 *(.RamFunc)
 *(.RamFunc*)
                0x20000a40                        . = ALIGN (0x4)
                0x20000a40                        _edata = .

.igot.plt       0x20000a40        0x0 load address 0x08009364
 .igot.plt      0x20000a40        0x0 C:/ST/STM32CubeIDE_2.0.0/STM32CubeIDE/plugins/com.st.stm32cube.ide.mcu.externaltools.gnu-tools-for-stm32.13.3.rel1.win32_1.0.100.202509120712/tools/bin/../lib/gcc/arm-none-eabi/13.3.1/thumb/v7e-m+fp/hard/crtbegin.o
                0x20000a40                        . = ALIGN (0x4)

.bss            0x20000a40     0x2614 load address 0x08009364
                0x20000a40                        _sbss = .
                0x20000a40                        __bss_start__ = _sbss
 *(.bss)
 .bss           0x20000a40       0x1c C:/ST/STM32CubeIDE_2.0.0/STM32CubeIDE/plugins/com.st.stm32cube.ide.mcu.externaltools.gnu-tools-for-stm32.13.3.rel1.win32_1.0.100.202509120712/tools/bin/../lib/gcc/arm-none-eabi/13.3.1/thumb/v7e-m+fp/hard/crtbegin.o
 *(.bss*)
 .bss.NaMiMenu_OLED_MAIN_BUFFER
                0x20000a5c     0x2000 ./Core/Src/NaMiMenu_lib/NaMiMenu.o
                0x20000a5c                NaMiMenu_OLED_MAIN_BUFFER
 .bss.NaMiMenu_cursorPos
                0x20002a5c        0x1 ./Core/Src/NaMiMenu_lib/NaMiMenu.o
                0x20002a5c                NaMiMenu_cursorPos
 .bss.NaMiMenu_cursorDir
                0x20002a5d        0x1 ./Core/Src/NaMiMenu_lib/NaMiMenu.o
                0x20002a5d                NaMiMenu_cursorDir
 .bss.NaMiMenu_menuOffset
                0x20002a5e        0x1 ./Core/Src/NaMiMenu_lib/NaMiMenu.o
                0x20002a5e                NaMiMenu_menuOffset
 .bss.NaMiMenu_isCursorFrozen
                0x20002a5f        0x1 ./Core/Src/NaMiMenu_lib/NaMiMenu.o
                0x20002a5f                NaMiMenu_isCursorFrozen
 .bss.NaMiMenu_rissingEdgeSigBState
                0x20002a60        0x1 ./Core/Src/NaMiMenu_lib/NaMiMenu.o
                0x20002a60                NaMiMenu_rissingEdgeSigBState
 .bss.NaMiMenu_fallingEdgeSigBState
                0x20002a61        0x1 ./Core/Src/NaMiMenu_lib/NaMiMenu.o
                0x20002a61                NaMiMenu_fallingEdgeSigBState
 .bss.NaMiMenu_lastDir
                0x20002a62        0x1 ./Core/Src/NaMiMenu_lib/NaMiMenu.o
                0x20002a62                NaMiMenu_lastDir
 *fill*         0x20002a63        0x1 
 .bss.NaMiMenu_currentMenuState
                0x20002a64        0x4 ./Core/Src/NaMiMenu_lib/NaMiMenu.o
                0x20002a64                NaMiMenu_currentMenuState
 .bss.NaMiMenu_menuStates
                0x20002a68        0x4 ./Core/Src/NaMiMenu_lib/NaMiMenu.o
                0x20002a68                NaMiMenu_menuStates
 .bss.NaMiMenu_size
                0x20002a6c        0x1 ./Core/Src/NaMiMenu_lib/NaMiMenu.o
                0x20002a6c                NaMiMenu_size
 *fill*         0x20002a6d        0x3 
 .bss.NaMiMenu_OLED_hspi
                0x20002a70        0x4 ./Core/Src/NaMiMenu_lib/NaMiMenu.o
                0x20002a70                NaMiMenu_OLED_hspi
 .bss.NaMiMenu_OLED_CS
                0x20002a74        0x8 ./Core/Src/NaMiMenu_lib/NaMiMenu.o
                0x20002a74                NaMiMenu_OLED_CS
 .bss.NaMiMenu_OLED_DC
                0x20002a7c        0x8 ./Core/Src/NaMiMenu_lib/NaMiMenu.o
                0x20002a7c                NaMiMenu_OLED_DC
 .bss.NaMiMenu_OLED_RESET
                0x20002a84        0x8 ./Core/Src/NaMiMenu_lib/NaMiMenu.o
                0x20002a84                NaMiMenu_OLED_RESET
 .bss.NaMiMenu_ENC_SIGA
                0x20002a8c        0x8 ./Core/Src/NaMiMenu_lib/NaMiMenu.o
                0x20002a8c                NaMiMenu_ENC_SIGA
 .bss.NaMiMenu_ENC_SIGB
                0x20002a94        0x8 ./Core/Src/NaMiMenu_lib/NaMiMenu.o
                0x20002a94                NaMiMenu_ENC_SIGB
 .bss.NaMiMenu_ENC_BTN
                0x20002a9c        0x8 ./Core/Src/NaMiMenu_lib/NaMiMenu.o
                0x20002a9c                NaMiMenu_ENC_BTN
 .bss.gfx_font  0x20002aa4        0x4 ./Core/Src/NaMiMenu_lib/SSD1322_OLED_lib/SSD1322_GFX.o
                0x20002aa4                gfx_font
 .bss.hi2c1     0x20002aa8       0x54 ./Core/Src/main.o
                0x20002aa8                hi2c1
 .bss.hspi2     0x20002afc       0x64 ./Core/Src/main.o
                0x20002afc                hspi2
 .bss.htim2     0x20002b60       0x4c ./Core/Src/main.o
                0x20002b60                htim2
 .bss.var_polishTime
                0x20002bac        0x2 ./Core/Src/main.o
                0x20002bac                var_polishTime
 .bss.etchTime_cnt
                0x20002bae        0x2 ./Core/Src/main.o
                0x20002bae                etchTime_cnt
 .bss.stepTime_cnt
                0x20002bb0        0x2 ./Core/Src/main.o
                0x20002bb0                stepTime_cnt
 .bss.polishTime_cnt
                0x20002bb2        0x2 ./Core/Src/main.o
                0x20002bb2                polishTime_cnt
 .bss.etchStartPosition
                0x20002bb4        0x4 ./Core/Src/main.o
                0x20002bb4                etchStartPosition
 .bss.test_chart_data
                0x20002bb8      0x320 ./Core/Src/main.o
                0x20002bb8                test_chart_data
 .bss.dataCounter
                0x20002ed8        0x1 ./Core/Src/main.o
                0x20002ed8                dataCounter
 .bss.etching   0x20002ed9        0x1 ./Core/Src/main.o
                0x20002ed9                etching
 *fill*         0x20002eda        0x6 
 .bss.currentValue2
                0x20002ee0        0x8 ./Core/Src/main.o
                0x20002ee0                currentValue2
 .bss.currentMiliAmp
                0x20002ee8        0x8 ./Core/Src/main.o
                0x20002ee8                currentMiliAmp
 .bss.frame     0x20002ef0        0x2 ./Core/Src/main.o
                0x20002ef0                frame
 .bss.currentEtchingState
                0x20002ef2        0x1 ./Core/Src/main.o
                0x20002ef2                currentEtchingState
 .bss.nextEtchingState
                0x20002ef3        0x1 ./Core/Src/main.o
                0x20002ef3                nextEtchingState
 .bss.voltageSelection
                0x20002ef4        0x4 ./Core/Src/main.o
                0x20002ef4                voltageSelection
 .bss.motor1Pos
                0x20002ef8        0x1 ./Core/Src/main.o
                0x20002ef8                motor1Pos
 *fill*         0x20002ef9        0x1 
 .bss.tim_cnt   0x20002efa        0x2 ./Core/Src/main.o
                0x20002efa                tim_cnt
 .bss.debounce  0x20002efc        0x2 ./Core/Src/main.o
                0x20002efc                debounce
 *fill*         0x20002efe        0x2 
 .bss.M1startingPos
                0x20002f00        0x4 ./Core/Src/main.o
                0x20002f00                M1startingPos
 .bss.__sbrk_heap_end
                0x20002f04        0x4 ./Core/Src/sysmem.o
 .bss.uwTick    0x20002f08        0x4 ./Drivers/STM32G4xx_HAL_Driver/Src/stm32g4xx_hal.o
                0x20002f08                uwTick
 .bss.__sf      0x20002f0c      0x138 C:/ST/STM32CubeIDE_2.0.0/STM32CubeIDE/plugins/com.st.stm32cube.ide.mcu.externaltools.gnu-tools-for-stm32.13.3.rel1.win32_1.0.100.202509120712/tools/bin/../lib/gcc/arm-none-eabi/13.3.1/../../../../arm-none-eabi/lib/thumb/v7e-m+fp/hard\libc_nano.a(libc_a-findfp.o)
                0x20002f0c                __sf
 .bss.errno     0x20003044        0x4 C:/ST/STM32CubeIDE_2.0.0/STM32CubeIDE/plugins/com.st.stm32cube.ide.mcu.externaltools.gnu-tools-for-stm32.13.3.rel1.win32_1.0.100.202509120712/tools/bin/../lib/gcc/arm-none-eabi/13.3.1/../../../../arm-none-eabi/lib/thumb/v7e-m+fp/hard\libc_nano.a(libc_a-reent.o)
                0x20003044                errno
 .bss.__lock___malloc_recursive_mutex
                0x20003048        0x1 C:/ST/STM32CubeIDE_2.0.0/STM32CubeIDE/plugins/com.st.stm32cube.ide.mcu.externaltools.gnu-tools-for-stm32.13.3.rel1.win32_1.0.100.202509120712/tools/bin/../lib/gcc/arm-none-eabi/13.3.1/../../../../arm-none-eabi/lib/thumb/v7e-m+fp/hard\libc_nano.a(libc_a-lock.o)
                0x20003048                __lock___malloc_recursive_mutex
 *fill*         0x20003049        0x3 
 .bss.__malloc_sbrk_start
                0x2000304c        0x4 C:/ST/STM32CubeIDE_2.0.0/STM32CubeIDE/plugins/com.st.stm32cube.ide.mcu.externaltools.gnu-tools-for-stm32.13.3.rel1.win32_1.0.100.202509120712/tools/bin/../lib/gcc/arm-none-eabi/13.3.1/../../../../arm-none-eabi/lib/thumb/v7e-m+fp/hard\libc_nano.a(libc_a-mallocr.o)
                0x2000304c                __malloc_sbrk_start
 .bss.__malloc_free_list
                0x20003050        0x4 C:/ST/STM32CubeIDE_2.0.0/STM32CubeIDE/plugins/com.st.stm32cube.ide.mcu.externaltools.gnu-tools-for-stm32.13.3.rel1.win32_1.0.100.202509120712/tools/bin/../lib/gcc/arm-none-eabi/13.3.1/../../../../arm-none-eabi/lib/thumb/v7e-m+fp/hard\libc_nano.a(libc_a-mallocr.o)
                0x20003050                __malloc_free_list
 *(COMMON)
                0x20003054                        . = ALIGN (0x4)
                0x20003054                        _ebss = .
                0x20003054                        __bss_end__ = _ebss

._user_heap_stack
                0x20003054      0x604 load address 0x08009364
                0x20003058                        . = ALIGN (0x8)
 *fill*         0x20003054        0x4 
                [!provide]                        PROVIDE (end = .)
                0x20003058                        PROVIDE (_end = .)
                0x20003258                        . = (. + _Min_Heap_Size)
 *fill*         0x20003058      0x200 
                0x20003658                        . = (. + _Min_Stack_Size)
 *fill*         0x20003258      0x400 
                0x20003658                        . = ALIGN (0x8)

/DISCARD/
 libc.a(*)
 libm.a(*)
 libgcc.a(*)

.ARM.attributes
                0x00000000       0x30
 *(.ARM.attributes)
 .ARM.attributes
                0x00000000       0x22 C:/ST/STM32CubeIDE_2.0.0/STM32CubeIDE/plugins/com.st.stm32cube.ide.mcu.externaltools.gnu-tools-for-stm32.13.3.rel1.win32_1.0.100.202509120712/tools/bin/../lib/gcc/arm-none-eabi/13.3.1/thumb/v7e-m+fp/hard/crti.o
 .ARM.attributes
                0x00000022       0x34 C:/ST/STM32CubeIDE_2.0.0/STM32CubeIDE/plugins/com.st.stm32cube.ide.mcu.externaltools.gnu-tools-for-stm32.13.3.rel1.win32_1.0.100.202509120712/tools/bin/../lib/gcc/arm-none-eabi/13.3.1/thumb/v7e-m+fp/hard/crtbegin.o
 .ARM.attributes
                0x00000056       0x34 ./Core/Src/NaMiMenu_lib/NaMiMenu.o
 .ARM.attributes
                0x0000008a       0x34 ./Core/Src/NaMiMenu_lib/SSD1322_OLED_lib/SSD1322_API.o
 .ARM.attributes
                0x000000be       0x34 ./Core/Src/NaMiMenu_lib/SSD1322_OLED_lib/SSD1322_GFX.o
 .ARM.attributes
                0x000000f2       0x34 ./Core/Src/NaMiMenu_lib/SSD1322_OLED_lib/SSD1322_HW_Driver.o
 .ARM.attributes
                0x00000126       0x34 ./Core/Src/main.o
 .ARM.attributes
                0x0000015a       0x34 ./Core/Src/stm32g4xx_hal_msp.o
 .ARM.attributes
                0x0000018e       0x34 ./Core/Src/stm32g4xx_it.o
 .ARM.attributes
                0x000001c2       0x34 ./Core/Src/sysmem.o
 .ARM.attributes
                0x000001f6       0x34 ./Core/Src/system_stm32g4xx.o
 .ARM.attributes
                0x0000022a       0x21 ./Core/Startup/startup_stm32g474ceux.o
 .ARM.attributes
                0x0000024b       0x34 ./Drivers/STM32G4xx_HAL_Driver/Src/stm32g4xx_hal.o
 .ARM.attributes
                0x0000027f       0x34 ./Drivers/STM32G4xx_HAL_Driver/Src/stm32g4xx_hal_cortex.o
 .ARM.attributes
                0x000002b3       0x34 ./Drivers/STM32G4xx_HAL_Driver/Src/stm32g4xx_hal_gpio.o
 .ARM.attributes
                0x000002e7       0x34 ./Drivers/STM32G4xx_HAL_Driver/Src/stm32g4xx_hal_i2c.o
 .ARM.attributes
                0x0000031b       0x34 ./Drivers/STM32G4xx_HAL_Driver/Src/stm32g4xx_hal_i2c_ex.o
 .ARM.attributes
                0x0000034f       0x34 ./Drivers/STM32G4xx_HAL_Driver/Src/stm32g4xx_hal_pwr_ex.o
 .ARM.attributes
                0x00000383       0x34 ./Drivers/STM32G4xx_HAL_Driver/Src/stm32g4xx_hal_rcc.o
 .ARM.attributes
                0x000003b7       0x34 ./Drivers/STM32G4xx_HAL_Driver/Src/stm32g4xx_hal_rcc_ex.o
 .ARM.attributes
                0x000003eb       0x34 ./Drivers/STM32G4xx_HAL_Driver/Src/stm32g4xx_hal_spi.o
 .ARM.attributes
                0x0000041f       0x34 ./Drivers/STM32G4xx_HAL_Driver/Src/stm32g4xx_hal_tim.o
 .ARM.attributes
                0x00000453       0x34 ./Drivers/STM32G4xx_HAL_Driver/Src/stm32g4xx_hal_tim_ex.o
 .ARM.attributes
                0x00000487       0x34 C:/ST/STM32CubeIDE_2.0.0/STM32CubeIDE/plugins/com.st.stm32cube.ide.mcu.externaltools.gnu-tools-for-stm32.13.3.rel1.win32_1.0.100.202509120712/tools/bin/../lib/gcc/arm-none-eabi/13.3.1/../../../../arm-none-eabi/lib/thumb/v7e-m+fp/hard\libc_nano.a(libc_a-findfp.o)
 .ARM.attributes
                0x000004bb       0x34 C:/ST/STM32CubeIDE_2.0.0/STM32CubeIDE/plugins/com.st.stm32cube.ide.mcu.externaltools.gnu-tools-for-stm32.13.3.rel1.win32_1.0.100.202509120712/tools/bin/../lib/gcc/arm-none-eabi/13.3.1/../../../../arm-none-eabi/lib/thumb/v7e-m+fp/hard\libc_nano.a(libc_a-sprintf.o)
 .ARM.attributes
                0x000004ef       0x34 C:/ST/STM32CubeIDE_2.0.0/STM32CubeIDE/plugins/com.st.stm32cube.ide.mcu.externaltools.gnu-tools-for-stm32.13.3.rel1.win32_1.0.100.202509120712/tools/bin/../lib/gcc/arm-none-eabi/13.3.1/../../../../arm-none-eabi/lib/thumb/v7e-m+fp/hard\libc_nano.a(libc_a-memset.o)
 .ARM.attributes
                0x00000523       0x34 C:/ST/STM32CubeIDE_2.0.0/STM32CubeIDE/plugins/com.st.stm32cube.ide.mcu.externaltools.gnu-tools-for-stm32.13.3.rel1.win32_1.0.100.202509120712/tools/bin/../lib/gcc/arm-none-eabi/13.3.1/../../../../arm-none-eabi/lib/thumb/v7e-m+fp/hard\libc_nano.a(libc_a-reent.o)
 .ARM.attributes
                0x00000557       0x34 C:/ST/STM32CubeIDE_2.0.0/STM32CubeIDE/plugins/com.st.stm32cube.ide.mcu.externaltools.gnu-tools-for-stm32.13.3.rel1.win32_1.0.100.202509120712/tools/bin/../lib/gcc/arm-none-eabi/13.3.1/../../../../arm-none-eabi/lib/thumb/v7e-m+fp/hard\libc_nano.a(libc_a-impure.o)
 .ARM.attributes
                0x0000058b       0x34 C:/ST/STM32CubeIDE_2.0.0/STM32CubeIDE/plugins/com.st.stm32cube.ide.mcu.externaltools.gnu-tools-for-stm32.13.3.rel1.win32_1.0.100.202509120712/tools/bin/../lib/gcc/arm-none-eabi/13.3.1/../../../../arm-none-eabi/lib/thumb/v7e-m+fp/hard\libc_nano.a(libc_a-errno.o)
 .ARM.attributes
                0x000005bf       0x34 C:/ST/STM32CubeIDE_2.0.0/STM32CubeIDE/plugins/com.st.stm32cube.ide.mcu.externaltools.gnu-tools-for-stm32.13.3.rel1.win32_1.0.100.202509120712/tools/bin/../lib/gcc/arm-none-eabi/13.3.1/../../../../arm-none-eabi/lib/thumb/v7e-m+fp/hard\libc_nano.a(libc_a-init.o)
 .ARM.attributes
                0x000005f3       0x34 C:/ST/STM32CubeIDE_2.0.0/STM32CubeIDE/plugins/com.st.stm32cube.ide.mcu.externaltools.gnu-tools-for-stm32.13.3.rel1.win32_1.0.100.202509120712/tools/bin/../lib/gcc/arm-none-eabi/13.3.1/../../../../arm-none-eabi/lib/thumb/v7e-m+fp/hard\libc_nano.a(libc_a-lock.o)
 .ARM.attributes
                0x00000627       0x34 C:/ST/STM32CubeIDE_2.0.0/STM32CubeIDE/plugins/com.st.stm32cube.ide.mcu.externaltools.gnu-tools-for-stm32.13.3.rel1.win32_1.0.100.202509120712/tools/bin/../lib/gcc/arm-none-eabi/13.3.1/../../../../arm-none-eabi/lib/thumb/v7e-m+fp/hard\libc_nano.a(libc_a-freer.o)
 .ARM.attributes
                0x0000065b       0x34 C:/ST/STM32CubeIDE_2.0.0/STM32CubeIDE/plugins/com.st.stm32cube.ide.mcu.externaltools.gnu-tools-for-stm32.13.3.rel1.win32_1.0.100.202509120712/tools/bin/../lib/gcc/arm-none-eabi/13.3.1/../../../../arm-none-eabi/lib/thumb/v7e-m+fp/hard\libc_nano.a(libc_a-mallocr.o)
 .ARM.attributes
                0x0000068f       0x34 C:/ST/STM32CubeIDE_2.0.0/STM32CubeIDE/plugins/com.st.stm32cube.ide.mcu.externaltools.gnu-tools-for-stm32.13.3.rel1.win32_1.0.100.202509120712/tools/bin/../lib/gcc/arm-none-eabi/13.3.1/../../../../arm-none-eabi/lib/thumb/v7e-m+fp/hard\libc_nano.a(libc_a-mlock.o)
 .ARM.attributes
                0x000006c3       0x34 C:/ST/STM32CubeIDE_2.0.0/STM32CubeIDE/plugins/com.st.stm32cube.ide.mcu.externaltools.gnu-tools-for-stm32.13.3.rel1.win32_1.0.100.202509120712/tools/bin/../lib/gcc/arm-none-eabi/13.3.1/../../../../arm-none-eabi/lib/thumb/v7e-m+fp/hard\libc_nano.a(libc_a-nano-svfprintf.o)
 .ARM.attributes
                0x000006f7       0x34 C:/ST/STM32CubeIDE_2.0.0/STM32CubeIDE/plugins/com.st.stm32cube.ide.mcu.externaltools.gnu-tools-for-stm32.13.3.rel1.win32_1.0.100.202509120712/tools/bin/../lib/gcc/arm-none-eabi/13.3.1/../../../../arm-none-eabi/lib/thumb/v7e-m+fp/hard\libc_nano.a(libc_a-nano-vfprintf_i.o)
 .ARM.attributes
                0x0000072b       0x34 C:/ST/STM32CubeIDE_2.0.0/STM32CubeIDE/plugins/com.st.stm32cube.ide.mcu.externaltools.gnu-tools-for-stm32.13.3.rel1.win32_1.0.100.202509120712/tools/bin/../lib/gcc/arm-none-eabi/13.3.1/../../../../arm-none-eabi/lib/thumb/v7e-m+fp/hard\libc_nano.a(libc_a-memmove.o)
 .ARM.attributes
                0x0000075f       0x34 C:/ST/STM32CubeIDE_2.0.0/STM32CubeIDE/plugins/com.st.stm32cube.ide.mcu.externaltools.gnu-tools-for-stm32.13.3.rel1.win32_1.0.100.202509120712/tools/bin/../lib/gcc/arm-none-eabi/13.3.1/../../../../arm-none-eabi/lib/thumb/v7e-m+fp/hard\libc_nano.a(libc_a-sbrkr.o)
 .ARM.attributes
                0x00000793       0x1c C:/ST/STM32CubeIDE_2.0.0/STM32CubeIDE/plugins/com.st.stm32cube.ide.mcu.externaltools.gnu-tools-for-stm32.13.3.rel1.win32_1.0.100.202509120712/tools/bin/../lib/gcc/arm-none-eabi/13.3.1/../../../../arm-none-eabi/lib/thumb/v7e-m+fp/hard\libc_nano.a(libc_a-memchr.o)
 .ARM.attributes
                0x000007af       0x34 C:/ST/STM32CubeIDE_2.0.0/STM32CubeIDE/plugins/com.st.stm32cube.ide.mcu.externaltools.gnu-tools-for-stm32.13.3.rel1.win32_1.0.100.202509120712/tools/bin/../lib/gcc/arm-none-eabi/13.3.1/../../../../arm-none-eabi/lib/thumb/v7e-m+fp/hard\libc_nano.a(libc_a-memcpy-stub.o)
 .ARM.attributes
                0x000007e3       0x34 C:/ST/STM32CubeIDE_2.0.0/STM32CubeIDE/plugins/com.st.stm32cube.ide.mcu.externaltools.gnu-tools-for-stm32.13.3.rel1.win32_1.0.100.202509120712/tools/bin/../lib/gcc/arm-none-eabi/13.3.1/../../../../arm-none-eabi/lib/thumb/v7e-m+fp/hard\libc_nano.a(libc_a-reallocr.o)
 .ARM.attributes
                0x00000817       0x34 C:/ST/STM32CubeIDE_2.0.0/STM32CubeIDE/plugins/com.st.stm32cube.ide.mcu.externaltools.gnu-tools-for-stm32.13.3.rel1.win32_1.0.100.202509120712/tools/bin/../lib/gcc/arm-none-eabi/13.3.1/../../../../arm-none-eabi/lib/thumb/v7e-m+fp/hard\libc_nano.a(libc_a-msizer.o)
 .ARM.attributes
                0x0000084b       0x22 C:/ST/STM32CubeIDE_2.0.0/STM32CubeIDE/plugins/com.st.stm32cube.ide.mcu.externaltools.gnu-tools-for-stm32.13.3.rel1.win32_1.0.100.202509120712/tools/bin/../lib/gcc/arm-none-eabi/13.3.1/thumb/v7e-m+fp/hard\libgcc.a(_arm_addsubdf3.o)
 .ARM.attributes
                0x0000086d       0x22 C:/ST/STM32CubeIDE_2.0.0/STM32CubeIDE/plugins/com.st.stm32cube.ide.mcu.externaltools.gnu-tools-for-stm32.13.3.rel1.win32_1.0.100.202509120712/tools/bin/../lib/gcc/arm-none-eabi/13.3.1/thumb/v7e-m+fp/hard\libgcc.a(_arm_muldivdf3.o)
 .ARM.attributes
                0x0000088f       0x22 C:/ST/STM32CubeIDE_2.0.0/STM32CubeIDE/plugins/com.st.stm32cube.ide.mcu.externaltools.gnu-tools-for-stm32.13.3.rel1.win32_1.0.100.202509120712/tools/bin/../lib/gcc/arm-none-eabi/13.3.1/thumb/v7e-m+fp/hard\libgcc.a(_arm_cmpdf2.o)
 .ARM.attributes
                0x000008b1       0x22 C:/ST/STM32CubeIDE_2.0.0/STM32CubeIDE/plugins/com.st.stm32cube.ide.mcu.externaltools.gnu-tools-for-stm32.13.3.rel1.win32_1.0.100.202509120712/tools/bin/../lib/gcc/arm-none-eabi/13.3.1/thumb/v7e-m+fp/hard\libgcc.a(_arm_fixdfsi.o)
 .ARM.attributes
                0x000008d3       0x22 C:/ST/STM32CubeIDE_2.0.0/STM32CubeIDE/plugins/com.st.stm32cube.ide.mcu.externaltools.gnu-tools-for-stm32.13.3.rel1.win32_1.0.100.202509120712/tools/bin/../lib/gcc/arm-none-eabi/13.3.1/thumb/v7e-m+fp/hard\libgcc.a(_arm_fixunsdfsi.o)
 .ARM.attributes
                0x000008f5       0x22 C:/ST/STM32CubeIDE_2.0.0/STM32CubeIDE/plugins/com.st.stm32cube.ide.mcu.externaltools.gnu-tools-for-stm32.13.3.rel1.win32_1.0.100.202509120712/tools/bin/../lib/gcc/arm-none-eabi/13.3.1/thumb/v7e-m+fp/hard/crtn.o
OUTPUT(TipEtcher.elf elf32-littlearm)
LOAD linker stubs
LOAD C:/ST/STM32CubeIDE_2.0.0/STM32CubeIDE/plugins/com.st.stm32cube.ide.mcu.externaltools.gnu-tools-for-stm32.13.3.rel1.win32_1.0.100.202509120712/tools/bin/../lib/gcc/arm-none-eabi/13.3.1/../../../../arm-none-eabi/lib/thumb/v7e-m+fp/hard\libc.a
LOAD C:/ST/STM32CubeIDE_2.0.0/STM32CubeIDE/plugins/com.st.stm32cube.ide.mcu.externaltools.gnu-tools-for-stm32.13.3.rel1.win32_1.0.100.202509120712/tools/bin/../lib/gcc/arm-none-eabi/13.3.1/../../../../arm-none-eabi/lib/thumb/v7e-m+fp/hard\libm.a
LOAD C:/ST/STM32CubeIDE_2.0.0/STM32CubeIDE/plugins/com.st.stm32cube.ide.mcu.externaltools.gnu-tools-for-stm32.13.3.rel1.win32_1.0.100.202509120712/tools/bin/../lib/gcc/arm-none-eabi/13.3.1/thumb/v7e-m+fp/hard\libgcc.a

.debug_info     0x00000000    0x14b91
 .debug_info    0x00000000     0x189a ./Core/Src/NaMiMenu_lib/NaMiMenu.o
 .debug_info    0x0000189a      0x301 ./Core/Src/NaMiMenu_lib/SSD1322_OLED_lib/SSD1322_API.o
 .debug_info    0x00001b9b      0xb7d ./Core/Src/NaMiMenu_lib/SSD1322_OLED_lib/SSD1322_GFX.o
 .debug_info    0x00002718      0x93c ./Core/Src/NaMiMenu_lib/SSD1322_OLED_lib/SSD1322_HW_Driver.o
 .debug_info    0x00003054     0x249d ./Core/Src/main.o
 .debug_info    0x000054f1     0x1754 ./Core/Src/stm32g4xx_hal_msp.o
 .debug_info    0x00006c45      0x8b3 ./Core/Src/stm32g4xx_it.o
 .debug_info    0x000074f8      0x168 ./Core/Src/sysmem.o
 .debug_info    0x00007660      0x58e ./Core/Src/system_stm32g4xx.o
 .debug_info    0x00007bee       0x30 ./Core/Startup/startup_stm32g474ceux.o
 .debug_info    0x00007c1e      0xb95 ./Drivers/STM32G4xx_HAL_Driver/Src/stm32g4xx_hal.o
 .debug_info    0x000087b3      0xdf9 ./Drivers/STM32G4xx_HAL_Driver/Src/stm32g4xx_hal_cortex.o
 .debug_info    0x000095ac      0x763 ./Drivers/STM32G4xx_HAL_Driver/Src/stm32g4xx_hal_gpio.o
 .debug_info    0x00009d0f     0x21ea ./Drivers/STM32G4xx_HAL_Driver/Src/stm32g4xx_hal_i2c.o
 .debug_info    0x0000bef9      0xad6 ./Drivers/STM32G4xx_HAL_Driver/Src/stm32g4xx_hal_i2c_ex.o
 .debug_info    0x0000c9cf      0x93f ./Drivers/STM32G4xx_HAL_Driver/Src/stm32g4xx_hal_pwr_ex.o
 .debug_info    0x0000d30e      0xbe0 ./Drivers/STM32G4xx_HAL_Driver/Src/stm32g4xx_hal_rcc.o
 .debug_info    0x0000deee      0xc45 ./Drivers/STM32G4xx_HAL_Driver/Src/stm32g4xx_hal_rcc_ex.o
 .debug_info    0x0000eb33     0x1677 ./Drivers/STM32G4xx_HAL_Driver/Src/stm32g4xx_hal_spi.o
 .debug_info    0x000101aa     0x2c52 ./Drivers/STM32G4xx_HAL_Driver/Src/stm32g4xx_hal_tim.o
 .debug_info    0x00012dfc     0x1d95 ./Drivers/STM32G4xx_HAL_Driver/Src/stm32g4xx_hal_tim_ex.o

.debug_abbrev   0x00000000     0x2d47
 .debug_abbrev  0x00000000      0x383 ./Core/Src/NaMiMenu_lib/NaMiMenu.o
 .debug_abbrev  0x00000383      0x132 ./Core/Src/NaMiMenu_lib/SSD1322_OLED_lib/SSD1322_API.o
 .debug_abbrev  0x000004b5      0x1e7 ./Core/Src/NaMiMenu_lib/SSD1322_OLED_lib/SSD1322_GFX.o
 .debug_abbrev  0x0000069c      0x1ac ./Core/Src/NaMiMenu_lib/SSD1322_OLED_lib/SSD1322_HW_Driver.o
 .debug_abbrev  0x00000848      0x44e ./Core/Src/main.o
 .debug_abbrev  0x00000c96      0x269 ./Core/Src/stm32g4xx_hal_msp.o
 .debug_abbrev  0x00000eff      0x1c2 ./Core/Src/stm32g4xx_it.o
 .debug_abbrev  0x000010c1       0xbc ./Core/Src/sysmem.o
 .debug_abbrev  0x0000117d      0x11a ./Core/Src/system_stm32g4xx.o
 .debug_abbrev  0x00001297       0x24 ./Core/Startup/startup_stm32g474ceux.o
 .debug_abbrev  0x000012bb      0x271 ./Drivers/STM32G4xx_HAL_Driver/Src/stm32g4xx_hal.o
 .debug_abbrev  0x0000152c      0x31c ./Drivers/STM32G4xx_HAL_Driver/Src/stm32g4xx_hal_cortex.o
 .debug_abbrev  0x00001848      0x1cb ./Drivers/STM32G4xx_HAL_Driver/Src/stm32g4xx_hal_gpio.o
 .debug_abbrev  0x00001a13      0x25e ./Drivers/STM32G4xx_HAL_Driver/Src/stm32g4xx_hal_i2c.o
 .debug_abbrev  0x00001c71      0x1c0 ./Drivers/STM32G4xx_HAL_Driver/Src/stm32g4xx_hal_i2c_ex.o
 .debug_abbrev  0x00001e31      0x22c ./Drivers/STM32G4xx_HAL_Driver/Src/stm32g4xx_hal_pwr_ex.o
 .debug_abbrev  0x0000205d      0x2c9 ./Drivers/STM32G4xx_HAL_Driver/Src/stm32g4xx_hal_rcc.o
 .debug_abbrev  0x00002326      0x258 ./Drivers/STM32G4xx_HAL_Driver/Src/stm32g4xx_hal_rcc_ex.o
 .debug_abbrev  0x0000257e      0x25d ./Drivers/STM32G4xx_HAL_Driver/Src/stm32g4xx_hal_spi.o
 .debug_abbrev  0x000027db      0x2a7 ./Drivers/STM32G4xx_HAL_Driver/Src/stm32g4xx_hal_tim.o
 .debug_abbrev  0x00002a82      0x2c5 ./Drivers/STM32G4xx_HAL_Driver/Src/stm32g4xx_hal_tim_ex.o

.debug_aranges  0x00000000     0x1550
 .debug_aranges
                0x00000000      0x160 ./Core/Src/NaMiMenu_lib/NaMiMenu.o
 .debug_aranges
                0x00000160       0x78 ./Core/Src/NaMiMenu_lib/SSD1322_OLED_lib/SSD1322_API.o
 .debug_aranges
                0x000001d8       0x98 ./Core/Src/NaMiMenu_lib/SSD1322_OLED_lib/SSD1322_GFX.o
 .debug_aranges
                0x00000270       0x60 ./Core/Src/NaMiMenu_lib/SSD1322_OLED_lib/SSD1322_HW_Driver.o
 .debug_aranges
                0x000002d0      0x120 ./Core/Src/main.o
 .debug_aranges
                0x000003f0       0x50 ./Core/Src/stm32g4xx_hal_msp.o
 .debug_aranges
                0x00000440       0x70 ./Core/Src/stm32g4xx_it.o
 .debug_aranges
                0x000004b0       0x20 ./Core/Src/sysmem.o
 .debug_aranges
                0x000004d0       0x28 ./Core/Src/system_stm32g4xx.o
 .debug_aranges
                0x000004f8       0x28 ./Core/Startup/startup_stm32g474ceux.o
 .debug_aranges
                0x00000520      0x148 ./Drivers/STM32G4xx_HAL_Driver/Src/stm32g4xx_hal.o
 .debug_aranges
                0x00000668      0x128 ./Drivers/STM32G4xx_HAL_Driver/Src/stm32g4xx_hal_cortex.o
 .debug_aranges
                0x00000790       0x58 ./Drivers/STM32G4xx_HAL_Driver/Src/stm32g4xx_hal_gpio.o
 .debug_aranges
                0x000007e8      0x2a0 ./Drivers/STM32G4xx_HAL_Driver/Src/stm32g4xx_hal_i2c.o
 .debug_aranges
                0x00000a88       0x48 ./Drivers/STM32G4xx_HAL_Driver/Src/stm32g4xx_hal_i2c_ex.o
 .debug_aranges
                0x00000ad0      0x140 ./Drivers/STM32G4xx_HAL_Driver/Src/stm32g4xx_hal_pwr_ex.o
 .debug_aranges
                0x00000c10       0x98 ./Drivers/STM32G4xx_HAL_Driver/Src/stm32g4xx_hal_rcc.o
 .debug_aranges
                0x00000ca8       0xb0 ./Drivers/STM32G4xx_HAL_Driver/Src/stm32g4xx_hal_rcc_ex.o
 .debug_aranges
                0x00000d58      0x1d8 ./Drivers/STM32G4xx_HAL_Driver/Src/stm32g4xx_hal_spi.o
 .debug_aranges
                0x00000f30      0x3e0 ./Drivers/STM32G4xx_HAL_Driver/Src/stm32g4xx_hal_tim.o
 .debug_aranges
                0x00001310      0x240 ./Drivers/STM32G4xx_HAL_Driver/Src/stm32g4xx_hal_tim_ex.o

.debug_rnglists
                0x00000000     0x1084
 .debug_rnglists
                0x00000000      0x10b ./Core/Src/NaMiMenu_lib/NaMiMenu.o
 .debug_rnglists
                0x0000010b       0x56 ./Core/Src/NaMiMenu_lib/SSD1322_OLED_lib/SSD1322_API.o
 .debug_rnglists
                0x00000161       0x73 ./Core/Src/NaMiMenu_lib/SSD1322_OLED_lib/SSD1322_GFX.o
 .debug_rnglists
                0x000001d4       0x43 ./Core/Src/NaMiMenu_lib/SSD1322_OLED_lib/SSD1322_HW_Driver.o
 .debug_rnglists
                0x00000217       0xe0 ./Core/Src/main.o
 .debug_rnglists
                0x000002f7       0x39 ./Core/Src/stm32g4xx_hal_msp.o
 .debug_rnglists
                0x00000330       0x4f ./Core/Src/stm32g4xx_it.o
 .debug_rnglists
                0x0000037f       0x13 ./Core/Src/sysmem.o
 .debug_rnglists
                0x00000392       0x1a ./Core/Src/system_stm32g4xx.o
 .debug_rnglists
                0x000003ac       0x19 ./Core/Startup/startup_stm32g474ceux.o
 .debug_rnglists
                0x000003c5       0xf1 ./Drivers/STM32G4xx_HAL_Driver/Src/stm32g4xx_hal.o
 .debug_rnglists
                0x000004b6       0xda ./Drivers/STM32G4xx_HAL_Driver/Src/stm32g4xx_hal_cortex.o
 .debug_rnglists
                0x00000590       0x3f ./Drivers/STM32G4xx_HAL_Driver/Src/stm32g4xx_hal_gpio.o
 .debug_rnglists
                0x000005cf      0x228 ./Drivers/STM32G4xx_HAL_Driver/Src/stm32g4xx_hal_i2c.o
 .debug_rnglists
                0x000007f7       0x35 ./Drivers/STM32G4xx_HAL_Driver/Src/stm32g4xx_hal_i2c_ex.o
 .debug_rnglists
                0x0000082c       0xf1 ./Drivers/STM32G4xx_HAL_Driver/Src/stm32g4xx_hal_pwr_ex.o
 .debug_rnglists
                0x0000091d       0x74 ./Drivers/STM32G4xx_HAL_Driver/Src/stm32g4xx_hal_rcc.o
 .debug_rnglists
                0x00000991       0x87 ./Drivers/STM32G4xx_HAL_Driver/Src/stm32g4xx_hal_rcc_ex.o
 .debug_rnglists
                0x00000a18      0x178 ./Drivers/STM32G4xx_HAL_Driver/Src/stm32g4xx_hal_spi.o
 .debug_rnglists
                0x00000b90      0x328 ./Drivers/STM32G4xx_HAL_Driver/Src/stm32g4xx_hal_tim.o
 .debug_rnglists
                0x00000eb8      0x1cc ./Drivers/STM32G4xx_HAL_Driver/Src/stm32g4xx_hal_tim_ex.o

.debug_macro    0x00000000    0x275c5
 .debug_macro   0x00000000      0x244 ./Core/Src/NaMiMenu_lib/NaMiMenu.o
 .debug_macro   0x00000244      0xad8 ./Core/Src/NaMiMenu_lib/NaMiMenu.o
 .debug_macro   0x00000d1c       0x22 ./Core/Src/NaMiMenu_lib/NaMiMenu.o
 .debug_macro   0x00000d3e       0x8e ./Core/Src/NaMiMenu_lib/NaMiMenu.o
 .debug_macro   0x00000dcc       0x51 ./Core/Src/NaMiMenu_lib/NaMiMenu.o
 .debug_macro   0x00000e1d      0x103 ./Core/Src/NaMiMenu_lib/NaMiMenu.o
 .debug_macro   0x00000f20       0x6a ./Core/Src/NaMiMenu_lib/NaMiMenu.o
 .debug_macro   0x00000f8a      0x1df ./Core/Src/NaMiMenu_lib/NaMiMenu.o
 .debug_macro   0x00001169      0x161 ./Core/Src/NaMiMenu_lib/NaMiMenu.o
 .debug_macro   0x000012ca       0x2e ./Core/Src/NaMiMenu_lib/NaMiMenu.o
 .debug_macro   0x000012f8       0x28 ./Core/Src/NaMiMenu_lib/NaMiMenu.o
 .debug_macro   0x00001320       0x1c ./Core/Src/NaMiMenu_lib/NaMiMenu.o
 .debug_macro   0x0000133c       0x22 ./Core/Src/NaMiMenu_lib/NaMiMenu.o
 .debug_macro   0x0000135e       0xfb ./Core/Src/NaMiMenu_lib/NaMiMenu.o
 .debug_macro   0x00001459     0x1011 ./Core/Src/NaMiMenu_lib/NaMiMenu.o
 .debug_macro   0x0000246a      0x11f ./Core/Src/NaMiMenu_lib/NaMiMenu.o
 .debug_macro   0x00002589    0x18b8c ./Core/Src/NaMiMenu_lib/NaMiMenu.o
 .debug_macro   0x0001b115       0x6d ./Core/Src/NaMiMenu_lib/NaMiMenu.o
 .debug_macro   0x0001b182     0x3558 ./Core/Src/NaMiMenu_lib/NaMiMenu.o
 .debug_macro   0x0001e6da      0x190 ./Core/Src/NaMiMenu_lib/NaMiMenu.o
 .debug_macro   0x0001e86a       0x5c ./Core/Src/NaMiMenu_lib/NaMiMenu.o
 .debug_macro   0x0001e8c6     0x171f ./Core/Src/NaMiMenu_lib/NaMiMenu.o