../Core/Src/main.c:162:6:StateTransision	1
../Core/Src/main.c:219:6:Update_Debug	1
../Core/Src/main.c:223:6:Update_Menu	8
../Core/Src/main.c:271:6:Update_Settings	1
../Core/Src/main.c:288:6:Update_Manual	1
../Core/Src/main.c:310:6:home_motor2	1
../Core/Src/main.c:314:6:voltage_select	1
../Core/Src/main.c:318:6:etching_enable	1
../Core/Src/main.c:322:6:led_toggle	1
../Core/Src/main.c:328:6:etching_start_stop	2
../Core/Src/main.c:343:6:settings_max_amp	1
../Core/Src/main.c:347:6:NAL_FrozenCursorMove_Callback	20
../Core/Src/main.c:399:6:MoveMotor	7
../Core/Src/main.c:428:6:HAL_TIM_PeriodElapsedCallback	9
../Core/Src/main.c:458:6:HAL_GPIO_EXTI_Callback	4
../Core/Src/main.c:467:6:INA219_Init	1
../Core/Src/main.c:488:6:INA219_ReadCurrent	1
../Core/Src/main.c:514:5:main	16
../Core/Src/main.c:686:6:SystemClock_Config	3
../Core/Src/main.c:727:13:MX_I2C1_Init	4
../Core/Src/main.c:775:13:MX_SPI2_Init	2
../Core/Src/main.c:815:13:MX_TIM2_Init	4
../Core/Src/main.c:863:13:MX_GPIO_Init	1
../Core/Src/main.c:955:6:Error_Handler	1
