../Core/Src/main.c:142:6:Tip_Enable	1
../Core/Src/main.c:145:6:Tip_Disable	1
../Core/Src/main.c:148:6:Tip_5V	1
../Core/Src/main.c:151:6:Tip_24V	1
../Core/Src/main.c:166:8:Tip_Current	1
../Core/Src/main.c:188:6:StateTransision	1
../Core/Src/main.c:192:5:SelectState	3
../Core/Src/main.c:257:6:settings_voltage_select	1
../Core/Src/main.c:261:6:Update_Debug	1
../Core/Src/main.c:263:6:Update_Menu	8
../Core/Src/main.c:310:6:Update_Settings	2
../Core/Src/main.c:336:6:Update_Manual	1
../Core/Src/main.c:358:6:Motor2_Home	1
../Core/Src/main.c:362:6:voltage_select	1
../Core/Src/main.c:366:6:etching_enable	1
../Core/Src/main.c:370:6:led_toggle	1
../Core/Src/main.c:376:6:etching_start_stop	2
../Core/Src/main.c:391:6:settings_toggle_cursor	1
../Core/Src/main.c:395:6:NAL_FrozenCursorMove_Callback	22
../Core/Src/main.c:450:6:MoveMotor	7
../Core/Src/main.c:479:6:HAL_TIM_PeriodElapsedCallback	11
../Core/Src/main.c:512:5:Motor2_MaxPos	1
../Core/Src/main.c:519:5:Motor1_MaxPos	2
../Core/Src/main.c:523:6:HAL_GPIO_EXTI_Callback	4
../Core/Src/main.c:532:6:INA219_Init	1
../Core/Src/main.c:553:6:INA219_ReadCurrent	1
../Core/Src/main.c:579:5:main	41
../Core/Src/main.c:790:6:SystemClock_Config	3
../Core/Src/main.c:831:13:MX_I2C1_Init	4
../Core/Src/main.c:879:13:MX_SPI2_Init	2
../Core/Src/main.c:919:13:MX_TIM2_Init	4
../Core/Src/main.c:967:13:MX_GPIO_Init	1
../Core/Src/main.c:1059:6:Error_Handler	1
