../Core/Src/main.c:162:6:StateTransision	16	static
../Core/Src/main.c:219:6:Update_Debug	4	static
../Core/Src/main.c:223:6:Update_Menu	72	static
../Core/Src/main.c:271:6:Update_Settings	24	static
../Core/Src/main.c:288:6:Update_Manual	24	static
../Core/Src/main.c:310:6:home_motor2	4	static
../Core/Src/main.c:314:6:voltage_select	16	static
../Core/Src/main.c:318:6:etching_enable	16	static
../Core/Src/main.c:322:6:led_toggle	16	static
../Core/Src/main.c:328:6:etching_start_stop	16	static
../Core/Src/main.c:343:6:settings_max_amp	16	static
../Core/Src/main.c:347:6:NAL_FrozenCursorMove_Callback	16	static
../Core/Src/main.c:399:6:MoveMotor	16	static
../Core/Src/main.c:428:6:HAL_TIM_PeriodElapsedCallback	16	static
../Core/Src/main.c:458:6:HAL_GPIO_EXTI_Callback	16	static
../Core/Src/main.c:467:6:INA219_Init	56	static
../Core/Src/main.c:488:6:INA219_ReadCurrent	64	static
../Core/Src/main.c:514:5:main	48	static
../Core/Src/main.c:686:6:SystemClock_Config	88	static
../Core/Src/main.c:727:13:MX_I2C1_Init	8	static
../Core/Src/main.c:775:13:MX_SPI2_Init	8	static
../Core/Src/main.c:815:13:MX_TIM2_Init	48	static
../Core/Src/main.c:863:13:MX_GPIO_Init	40	static
../Core/Src/main.c:955:6:Error_Handler	4	static,ignoring_inline_asm
