../Core/Src/NaMiMenu_lib/NaMiMenu.c:64:6:NAL_NaMiMenu_OLED_HW_setup	24	static
../Core/Src/NaMiMenu_lib/NaMiMenu.c:91:6:NAL_NaMiMenu_Encoder_setup	24	static
../Core/Src/NaMiMenu_lib/NaMiMenu.c:100:6:NAL_NaMiMenu_OLED_Update	16	static
../Core/Src/NaMiMenu_lib/NaMiMenu.c:138:6:NAL_NaMiMenu_Encoder_Update	16	static
../Core/Src/NaMiMenu_lib/NaMiMenu.c:170:6:NAL_NaMiMenu_Cursor_up	8	static
../Core/Src/NaMiMenu_lib/NaMiMenu.c:185:6:NAL_NaMiMenu_Cursor_down	16	static
../Core/Src/NaMiMenu_lib/NaMiMenu.c:203:6:NAL_NaMiMenu_SetCursorPos	16	static
../Core/Src/NaMiMenu_lib/NaMiMenu.c:216:6:NAL_NaMiMenu_Encoder_Pressed	16	static
../Core/Src/NaMiMenu_lib/NaMiMenu.c:254:6:NAL_NaMiMenu_init	40	static
../Core/Src/NaMiMenu_lib/NaMiMenu.c:266:6:NAL_NaMiMenu_setMenuStates	16	static
../Core/Src/NaMiMenu_lib/NaMiMenu.c:280:6:NAL_NaMiMenu_splash_screen	24	static
../Core/Src/NaMiMenu_lib/NaMiMenu.c:295:6:Transision	24	static
../Core/Src/NaMiMenu_lib/NaMiMenu.c:307:9:NAL_NaMiMenu_IsCursorFrozen	4	static
../Core/Src/NaMiMenu_lib/NaMiMenu.c:311:9:NAL_NaMiMenu_CursorDir	4	static
../Core/Src/NaMiMenu_lib/NaMiMenu.c:315:9:NAL_NaMiMenu_CursorPos	4	static
../Core/Src/NaMiMenu_lib/NaMiMenu.c:319:6:NAL_NaMiMenu_Cursor_freeze	4	static
../Core/Src/NaMiMenu_lib/NaMiMenu.c:324:6:NAL_NaMiMenu_Cursor_unfreeze	4	static
../Core/Src/NaMiMenu_lib/NaMiMenu.c:329:6:NAL_NaMiMenu_Cursor_toggle_freeze	8	static
../Core/Src/NaMiMenu_lib/NaMiMenu.c:337:8:NAL_NaMiMenu_CurrentState	4	static
../Core/Src/NaMiMenu_lib/NaMiMenu.c:350:6:NAL_NaMiMenu_fill_buffer	16	static
../Core/Src/NaMiMenu_lib/NaMiMenu.c:363:6:NAL_NaMiMenu_clear_buffer	8	static
../Core/Src/NaMiMenu_lib/NaMiMenu.c:376:6:NAL_NaMiMenu_send_buffer_to_OLED	8	static
../Core/Src/NaMiMenu_lib/NaMiMenu.c:394:6:NAL_draw_pixel	16	static
../Core/Src/NaMiMenu_lib/NaMiMenu.c:416:6:NAL_NaMiMenu_draw_line	32	static
../Core/Src/NaMiMenu_lib/NaMiMenu.c:438:6:NAL_NaMiMenu_draw_rect	32	static
../Core/Src/NaMiMenu_lib/NaMiMenu.c:443:6:NAL_NaMiMenu_draw_rect_filled	32	static
../Core/Src/NaMiMenu_lib/NaMiMenu.c:462:6:NAL_NaMiMenu_draw_circle	32	static
../Core/Src/NaMiMenu_lib/NaMiMenu.c:481:6:NAL_NaMiMenu_draw_circle_filled	32	static
../Core/Src/NaMiMenu_lib/NaMiMenu.c:509:6:NAL_NaMiMenu_draw_text	32	static
../Core/Src/NaMiMenu_lib/NaMiMenu.c:531:6:NAL_draw_text_in_grid	24	static
../Core/Src/NaMiMenu_lib/NaMiMenu.c:550:6:NAL_NaMiMenu_draw_up_arrow	32	static
../Core/Src/NaMiMenu_lib/NaMiMenu.c:570:6:NAL_NaMiMenu_draw_down_arrow	32	static
../Core/Src/NaMiMenu_lib/NaMiMenu.c:590:6:NAL_NaMiMenu_draw_left_arrow	32	static
../Core/Src/NaMiMenu_lib/NaMiMenu.c:610:6:NAL_NaMiMenu_draw_right_arrow	32	static
../Core/Src/NaMiMenu_lib/NaMiMenu.c:617:6:NAL_NaMiMenu_draw_bitmap_4bpp	32	static
../Core/Src/NaMiMenu_lib/NaMiMenu.c:637:6:NAL_draw_indicator_in_grid	40	static
../Core/Src/NaMiMenu_lib/NaMiMenu.c:657:6:NAL_draw_progress_bar	48	static
../Core/Src/NaMiMenu_lib/NaMiMenu.c:697:6:NAL_draw_chart_in_grid	88	static
../Core/Src/NaMiMenu_lib/NaMiMenu.c:747:13:NAL_NaMiMenu_OLEDUpdate_Callback	16	static
../Core/Src/NaMiMenu_lib/NaMiMenu.c:753:13:NAL_CursorMove_Callback	16	static
../Core/Src/NaMiMenu_lib/NaMiMenu.c:759:13:NAL_FrozenCursorMove_Callback	16	static
